Archive member included to satisfy reference by file (symbol)

e:/atolic/truestudio for stm32 9.1.0/armtools/bin/../lib/gcc/arm-atollic-eabi/6.3.1/../../../../arm-atollic-eabi/lib/armv7e-m/fpu\libc_nano.a(lib_a-init.o)
                              startup\startup_stm32f303x8.o (__libc_init_array)
e:/atolic/truestudio for stm32 9.1.0/armtools/bin/../lib/gcc/arm-atollic-eabi/6.3.1/../../../../arm-atollic-eabi/lib/armv7e-m/fpu\libm.a(lib_a-s_cos.o)
                              Src\IEC60601_1_8.o (cos)
e:/atolic/truestudio for stm32 9.1.0/armtools/bin/../lib/gcc/arm-atollic-eabi/6.3.1/../../../../arm-atollic-eabi/lib/armv7e-m/fpu\libm.a(lib_a-s_sin.o)
                              Src\IEC60601_1_8.o (sin)
e:/atolic/truestudio for stm32 9.1.0/armtools/bin/../lib/gcc/arm-atollic-eabi/6.3.1/../../../../arm-atollic-eabi/lib/armv7e-m/fpu\libm.a(lib_a-e_rem_pio2.o)
                              e:/atolic/truestudio for stm32 9.1.0/armtools/bin/../lib/gcc/arm-atollic-eabi/6.3.1/../../../../arm-atollic-eabi/lib/armv7e-m/fpu\libm.a(lib_a-s_cos.o) (__ieee754_rem_pio2)
e:/atolic/truestudio for stm32 9.1.0/armtools/bin/../lib/gcc/arm-atollic-eabi/6.3.1/../../../../arm-atollic-eabi/lib/armv7e-m/fpu\libm.a(lib_a-k_cos.o)
                              e:/atolic/truestudio for stm32 9.1.0/armtools/bin/../lib/gcc/arm-atollic-eabi/6.3.1/../../../../arm-atollic-eabi/lib/armv7e-m/fpu\libm.a(lib_a-s_cos.o) (__kernel_cos)
e:/atolic/truestudio for stm32 9.1.0/armtools/bin/../lib/gcc/arm-atollic-eabi/6.3.1/../../../../arm-atollic-eabi/lib/armv7e-m/fpu\libm.a(lib_a-k_rem_pio2.o)
                              e:/atolic/truestudio for stm32 9.1.0/armtools/bin/../lib/gcc/arm-atollic-eabi/6.3.1/../../../../arm-atollic-eabi/lib/armv7e-m/fpu\libm.a(lib_a-e_rem_pio2.o) (__kernel_rem_pio2)
e:/atolic/truestudio for stm32 9.1.0/armtools/bin/../lib/gcc/arm-atollic-eabi/6.3.1/../../../../arm-atollic-eabi/lib/armv7e-m/fpu\libm.a(lib_a-k_sin.o)
                              e:/atolic/truestudio for stm32 9.1.0/armtools/bin/../lib/gcc/arm-atollic-eabi/6.3.1/../../../../arm-atollic-eabi/lib/armv7e-m/fpu\libm.a(lib_a-s_cos.o) (__kernel_sin)
e:/atolic/truestudio for stm32 9.1.0/armtools/bin/../lib/gcc/arm-atollic-eabi/6.3.1/../../../../arm-atollic-eabi/lib/armv7e-m/fpu\libm.a(lib_a-s_fabs.o)
                              e:/atolic/truestudio for stm32 9.1.0/armtools/bin/../lib/gcc/arm-atollic-eabi/6.3.1/../../../../arm-atollic-eabi/lib/armv7e-m/fpu\libm.a(lib_a-e_rem_pio2.o) (fabs)
e:/atolic/truestudio for stm32 9.1.0/armtools/bin/../lib/gcc/arm-atollic-eabi/6.3.1/../../../../arm-atollic-eabi/lib/armv7e-m/fpu\libm.a(lib_a-s_floor.o)
                              e:/atolic/truestudio for stm32 9.1.0/armtools/bin/../lib/gcc/arm-atollic-eabi/6.3.1/../../../../arm-atollic-eabi/lib/armv7e-m/fpu\libm.a(lib_a-k_rem_pio2.o) (floor)
e:/atolic/truestudio for stm32 9.1.0/armtools/bin/../lib/gcc/arm-atollic-eabi/6.3.1/../../../../arm-atollic-eabi/lib/armv7e-m/fpu\libm.a(lib_a-s_scalbn.o)
                              e:/atolic/truestudio for stm32 9.1.0/armtools/bin/../lib/gcc/arm-atollic-eabi/6.3.1/../../../../arm-atollic-eabi/lib/armv7e-m/fpu\libm.a(lib_a-k_rem_pio2.o) (scalbn)
e:/atolic/truestudio for stm32 9.1.0/armtools/bin/../lib/gcc/arm-atollic-eabi/6.3.1/../../../../arm-atollic-eabi/lib/armv7e-m/fpu\libm.a(lib_a-s_copysign.o)
                              e:/atolic/truestudio for stm32 9.1.0/armtools/bin/../lib/gcc/arm-atollic-eabi/6.3.1/../../../../arm-atollic-eabi/lib/armv7e-m/fpu\libm.a(lib_a-s_scalbn.o) (copysign)
e:/atolic/truestudio for stm32 9.1.0/armtools/bin/../lib/gcc/arm-atollic-eabi/6.3.1/armv7e-m/fpu\libgcc.a(_arm_addsubdf3.o)
                              e:/atolic/truestudio for stm32 9.1.0/armtools/bin/../lib/gcc/arm-atollic-eabi/6.3.1/../../../../arm-atollic-eabi/lib/armv7e-m/fpu\libm.a(lib_a-s_cos.o) (__aeabi_dsub)
e:/atolic/truestudio for stm32 9.1.0/armtools/bin/../lib/gcc/arm-atollic-eabi/6.3.1/armv7e-m/fpu\libgcc.a(_arm_muldivdf3.o)
                              Src\IEC60601_1_8.o (__aeabi_dmul)
e:/atolic/truestudio for stm32 9.1.0/armtools/bin/../lib/gcc/arm-atollic-eabi/6.3.1/armv7e-m/fpu\libgcc.a(_arm_cmpdf2.o)
                              e:/atolic/truestudio for stm32 9.1.0/armtools/bin/../lib/gcc/arm-atollic-eabi/6.3.1/../../../../arm-atollic-eabi/lib/armv7e-m/fpu\libm.a(lib_a-e_rem_pio2.o) (__aeabi_dcmpeq)
e:/atolic/truestudio for stm32 9.1.0/armtools/bin/../lib/gcc/arm-atollic-eabi/6.3.1/armv7e-m/fpu\libgcc.a(_arm_fixdfsi.o)
                              Src\IEC60601_1_8.o (__aeabi_d2iz)
e:/atolic/truestudio for stm32 9.1.0/armtools/bin/../lib/gcc/arm-atollic-eabi/6.3.1/armv7e-m/fpu\libgcc.a(_arm_truncdfsf2.o)
                              Src\IEC60601_1_8.o (__aeabi_d2f)

Allocating common symbols
Common symbol       size              file

hopamp2             0x34              Src\main.o
hdac1               0x14              Src\main.o
htim15              0x40              Src\main.o
[...]
Memory Configuration

Name             Origin             Length             Attributes
RAM              0x20000000         0x00003000         xrw
CCMRAM           0x10000000         0x00001000         rw
FLASH            0x08000000         0x00010000         xr
*default*        0x00000000         0xffffffff

Linker script and memory map

LOAD e:/atolic/truestudio for stm32 9.1.0/armtools/bin/../lib/gcc/arm-atollic-eabi/6.3.1/armv7e-m/fpu/crti.o
LOAD e:/atolic/truestudio for stm32 9.1.0/armtools/bin/../lib/gcc/arm-atollic-eabi/6.3.1/armv7e-m/fpu/crtbegin.o
LOAD Drivers\STM32F3xx_HAL_Driver\Src\stm32f3xx_hal.o
LOAD Drivers\STM32F3xx_HAL_Driver\Src\stm32f3xx_hal_cortex.o
LOAD Drivers\STM32F3xx_HAL_Driver\Src\stm32f3xx_hal_dac.o
LOAD Drivers\STM32F3xx_HAL_Driver\Src\stm32f3xx_hal_dac_ex.o
LOAD Drivers\STM32F3xx_HAL_Driver\Src\stm32f3xx_hal_dma.o
LOAD Drivers\STM32F3xx_HAL_Driver\Src\stm32f3xx_hal_flash.o
LOAD Drivers\STM32F3xx_HAL_Driver\Src\stm32f3xx_hal_flash_ex.o
LOAD Drivers\STM32F3xx_HAL_Driver\Src\stm32f3xx_hal_gpio.o
LOAD Drivers\STM32F3xx_HAL_Driver\Src\stm32f3xx_hal_i2c.o
LOAD Drivers\STM32F3xx_HAL_Driver\Src\stm32f3xx_hal_i2c_ex.o
LOAD Drivers\STM32F3xx_HAL_Driver\Src\stm32f3xx_hal_opamp.o
LOAD Drivers\STM32F3xx_HAL_Driver\Src\stm32f3xx_hal_opamp_ex.o
LOAD Drivers\STM32F3xx_HAL_Driver\Src\stm32f3xx_hal_pwr.o
LOAD Drivers\STM32F3xx_HAL_Driver\Src\stm32f3xx_hal_pwr_ex.o
LOAD Drivers\STM32F3xx_HAL_Driver\Src\stm32f3xx_hal_rcc.o
LOAD Drivers\STM32F3xx_HAL_Driver\Src\stm32f3xx_hal_rcc_ex.o
LOAD Drivers\STM32F3xx_HAL_Driver\Src\stm32f3xx_hal_tim.o
LOAD Drivers\STM32F3xx_HAL_Driver\Src\stm32f3xx_hal_tim_ex.o
LOAD Drivers\STM32F3xx_HAL_Driver\Src\stm32f3xx_hal_uart.o
LOAD Drivers\STM32F3xx_HAL_Driver\Src\stm32f3xx_hal_uart_ex.o
LOAD Src\IEC60601_1_8.o
LOAD Src\main.o
LOAD Src\stm32f3xx_hal_msp.o
LOAD Src\stm32f3xx_it.o
LOAD Src\system_stm32f3xx.o
LOAD startup\startup_stm32f303x8.o
                0x00000080                malloc_getpagesize_P = 0x80
START GROUP
LOAD e:/atolic/truestudio for stm32 9.1.0/armtools/bin/../lib/gcc/arm-atollic-eabi/6.3.1/../../../../arm-atollic-eabi/lib/armv7e-m/fpu\libc_nano.a
LOAD e:/atolic/truestudio for stm32 9.1.0/armtools/bin/../lib/gcc/arm-atollic-eabi/6.3.1/../../../../arm-atollic-eabi/lib/armv7e-m/fpu\libm.a
END GROUP
START GROUP
LOAD e:/atolic/truestudio for stm32 9.1.0/armtools/bin/../lib/gcc/arm-atollic-eabi/6.3.1/armv7e-m/fpu\libgcc.a
LOAD e:/atolic/truestudio for stm32 9.1.0/armtools/bin/../lib/gcc/arm-atollic-eabi/6.3.1/../../../../arm-atollic-eabi/lib/armv7e-m/fpu\libc_nano.a
END GROUP
START GROUP
LOAD e:/atolic/truestudio for stm32 9.1.0/armtools/bin/../lib/gcc/arm-atollic-eabi/6.3.1/armv7e-m/fpu\libgcc.a
LOAD e:/atolic/truestudio for stm32 9.1.0/armtools/bin/../lib/gcc/arm-atollic-eabi/6.3.1/../../../../arm-atollic-eabi/lib/armv7e-m/fpu\libc_nano.a
LOAD e:/atolic/truestudio for stm32 9.1.0/armtools/bin/../lib/gcc/arm-atollic-eabi/6.3.1/../../../../arm-atollic-eabi/lib/armv7e-m/fpu\libnosys.a
END GROUP
START GROUP
LOAD e:/atolic/truestudio for stm32 9.1.0/armtools/bin/../lib/gcc/arm-atollic-eabi/6.3.1/armv7e-m/fpu\libgcc.a
LOAD e:/atolic/truestudio for stm32 9.1.0/armtools/bin/../lib/gcc/arm-atollic-eabi/6.3.1/../../../../arm-atollic-eabi/lib/armv7e-m/fpu\libc_nano.a
LOAD e:/atolic/truestudio for stm32 9.1.0/armtools/bin/../lib/gcc/arm-atollic-eabi/6.3.1/../../../../arm-atollic-eabi/lib/armv7e-m/fpu\libnosys.a
END GROUP
LOAD e:/atolic/truestudio for stm32 9.1.0/armtools/bin/../lib/gcc/arm-atollic-eabi/6.3.1/armv7e-m/fpu/crtend.o
LOAD e:/atolic/truestudio for stm32 9.1.0/armtools/bin/../lib/gcc/arm-atollic-eabi/6.3.1/armv7e-m/fpu/crtn.o
                0x20003000                _estack = 0x20003000
                0x00000200                _Min_Heap_Size = 0x200
                0x00000400                _Min_Stack_Size = 0x400

.isr_vector     0x08000000      0x188
                0x08000000                . = ALIGN (0x4)
 *(.isr_vector)
 .isr_vector    0x08000000      0x188 startup\startup_stm32f303x8.o
                0x08000000                g_pfnVectors
                0x08000188                . = ALIGN (0x4)

.text           0x08000188     0x47b8
                0x08000188                . = ALIGN (0x4)
 *(.text)
 .text          0x08000188       0x40 e:/atolic/truestudio for stm32 9.1.0/armtools/bin/../lib/gcc/arm-atollic-eabi/6.3.1/armv7e-m/fpu/crtbegin.o
 .text          0x080001c8      0x370 e:/atolic/truestudio for stm32 9.1.0/armtools/bin/../lib/gcc/arm-atollic-eabi/6.3.1/armv7e-m/fpu\libgcc.a(_arm_addsubdf3.o)
                0x080001c8                __aeabi_drsub
                0x080001d0                __aeabi_dsub
                0x080001d0                __subdf3
                0x080001d4                __aeabi_dadd
                0x080001d4                __adddf3
                0x0800044c                __floatunsidf
                0x0800044c                __aeabi_ui2d
                0x0800046c                __floatsidf
                0x0800046c                __aeabi_i2d
                0x08000490                __aeabi_f2d
                0x08000490                __extendsfdf2
                0x080004cc                __floatundidf
                0x080004cc                __aeabi_ul2d
                0x080004dc                __floatdidf
                0x080004dc                __aeabi_l2d
 .text          0x08000538      0x424 e:/atolic/truestudio for stm32 9.1.0/armtools/bin/../lib/gcc/arm-atollic-eabi/6.3.1/armv7e-m/fpu\libgcc.a(_arm_muldivdf3.o)
                0x08000538                __aeabi_dmul
                0x08000538                __muldf3
                0x0800078c                __divdf3
                0x0800078c                __aeabi_ddiv
 .text          0x0800095c      0x110 e:/atolic/truestudio for stm32 9.1.0/armtools/bin/../lib/gcc/arm-atollic-eabi/6.3.1/armv7e-m/fpu\libgcc.a(_arm_cmpdf2.o)
                0x0800095c                __gtdf2
                0x0800095c                __gedf2
                0x08000964                __ltdf2
                0x08000964                __ledf2
                0x0800096c                __nedf2
                0x0800096c                __eqdf2
                0x0800096c                __cmpdf2
                0x080009e8                __aeabi_cdrcmple
                0x080009f8                __aeabi_cdcmpeq
                0x080009f8                __aeabi_cdcmple
                0x08000a08                __aeabi_dcmpeq
                0x08000a1c                __aeabi_dcmplt
                0x08000a30                __aeabi_dcmple
                0x08000a44                __aeabi_dcmpge
                0x08000a58                __aeabi_dcmpgt
 .text          0x08000a6c       0x50 e:/atolic/truestudio for stm32 9.1.0/armtools/bin/../lib/gcc/arm-atollic-eabi/6.3.1/armv7e-m/fpu\libgcc.a(_arm_fixdfsi.o)
                0x08000a6c                __aeabi_d2iz
                0x08000a6c                __fixdfsi
 .text          0x08000abc       0xa0 e:/atolic/truestudio for stm32 9.1.0/armtools/bin/../lib/gcc/arm-atollic-eabi/6.3.1/armv7e-m/fpu\libgcc.a(_arm_truncdfsf2.o)
                0x08000abc                __truncdfsf2
                0x08000abc                __aeabi_d2f
 *(.text*)
 .text.HAL_InitTick
                0x08000b5c       0x4c Drivers\STM32F3xx_HAL_Driver\Src\stm32f3xx_hal.o
                0x08000b5c                HAL_InitTick
 .text.HAL_Init
                0x08000ba8       0x24 Drivers\STM32F3xx_HAL_Driver\Src\stm32f3xx_hal.o
                0x08000ba8                HAL_Init
 .text.HAL_IncTick
                0x08000bcc       0x18 Drivers\STM32F3xx_HAL_Driver\Src\stm32f3xx_hal.o
                0x08000bcc                HAL_IncTick
 .text.HAL_GetTick
                0x08000be4        0xc Drivers\STM32F3xx_HAL_Driver\Src\stm32f3xx_hal.o
                0x08000be4                HAL_GetTick
 .text.HAL_Delay
                0x08000bf0       0x28 Drivers\STM32F3xx_HAL_Driver\Src\stm32f3xx_hal.o
                0x08000bf0                HAL_Delay
 .text.HAL_NVIC_SetPriorityGrouping
                0x08000c18       0x24 Drivers\STM32F3xx_HAL_Driver\Src\stm32f3xx_hal_cortex.o
                0x08000c18                HAL_NVIC_SetPriorityGrouping
 .text.HAL_NVIC_SetPriority
                0x08000c3c       0x60 Drivers\STM32F3xx_HAL_Driver\Src\stm32f3xx_hal_cortex.o
                0x08000c3c                HAL_NVIC_SetPriority
 .text.HAL_NVIC_EnableIRQ
                0x08000c9c       0x18 Drivers\STM32F3xx_HAL_Driver\Src\stm32f3xx_hal_cortex.o
                0x08000c9c                HAL_NVIC_EnableIRQ
 .text.HAL_SYSTICK_Config
                0x08000cb4       0x2c Drivers\STM32F3xx_HAL_Driver\Src\stm32f3xx_hal_cortex.o
                0x08000cb4                HAL_SYSTICK_Config
 .text.HAL_SYSTICK_CLKSourceConfig
                0x08000ce0       0x18 Drivers\STM32F3xx_HAL_Driver\Src\stm32f3xx_hal_cortex.o
                0x08000ce0                HAL_SYSTICK_CLKSourceConfig
 .text.HAL_SYSTICK_Callback
                0x08000cf8        0x2 Drivers\STM32F3xx_HAL_Driver\Src\stm32f3xx_hal_cortex.o
                0x08000cf8                HAL_SYSTICK_Callback
 .text.HAL_SYSTICK_IRQHandler
                0x08000cfa        0x8 Drivers\STM32F3xx_HAL_Driver\Src\stm32f3xx_hal_cortex.o
                0x08000cfa                HAL_SYSTICK_IRQHandler
 .text.HAL_DAC_Init
                0x08000d02       0x24 Drivers\STM32F3xx_HAL_Driver\Src\stm32f3xx_hal_dac.o
                0x08000d02                HAL_DAC_Init
 .text.HAL_DAC_SetValue
                0x08000d26       0x2e Drivers\STM32F3xx_HAL_Driver\Src\stm32f3xx_hal_dac_ex.o
                0x08000d26                HAL_DAC_SetValue
 .text.HAL_DAC_Start
                0x08000d54       0x5e Drivers\STM32F3xx_HAL_Driver\Src\stm32f3xx_hal_dac_ex.o
                0x08000d54                HAL_DAC_Start
 *fill*         0x08000db2        0x2 
 .text.HAL_DAC_ConfigChannel
                0x08000db4       0x6c Drivers\STM32F3xx_HAL_Driver\Src\stm32f3xx_hal_dac_ex.o
                0x08000db4                HAL_DAC_ConfigChannel
 .text.HAL_DMA_Abort_IT
                0x08000e20       0x4a Drivers\STM32F3xx_HAL_Driver\Src\stm32f3xx_hal_dma.o
                0x08000e20                HAL_DMA_Abort_IT
 *fill*         0x08000e6a        0x2 
 .text.HAL_GPIO_Init
                0x08000e6c      0x190 Drivers\STM32F3xx_HAL_Driver\Src\stm32f3xx_hal_gpio.o
                0x08000e6c                HAL_GPIO_Init
 .text.HAL_GPIO_WritePin
                0x08000ffc        0xa Drivers\STM32F3xx_HAL_Driver\Src\stm32f3xx_hal_gpio.o
                0x08000ffc                HAL_GPIO_WritePin
 *fill*         0x08001006        0x2 
 .text.HAL_OPAMP_Init
                0x08001008       0xe0 Drivers\STM32F3xx_HAL_Driver\Src\stm32f3xx_hal_opamp.o
                0x08001008                HAL_OPAMP_Init
 .text.HAL_OPAMP_Start
                0x080010e8       0x36 Drivers\STM32F3xx_HAL_Driver\Src\stm32f3xx_hal_opamp.o
                0x080010e8                HAL_OPAMP_Start
 .text.HAL_OPAMP_SelfCalibrate
                0x0800111e      0x178 Drivers\STM32F3xx_HAL_Driver\Src\stm32f3xx_hal_opamp.o
                0x0800111e                HAL_OPAMP_SelfCalibrate
 *fill*         0x08001296        0x2 
 .text.HAL_RCC_OscConfig
                0x08001298      0x5f8 Drivers\STM32F3xx_HAL_Driver\Src\stm32f3xx_hal_rcc.o
                0x08001298                HAL_RCC_OscConfig
 .text.HAL_RCC_MCOConfig
                0x08001890       0x50 Drivers\STM32F3xx_HAL_Driver\Src\stm32f3xx_hal_rcc.o
                0x08001890                HAL_RCC_MCOConfig
 .text.HAL_RCC_GetSysClockFreq
                0x080018e0       0x68 Drivers\STM32F3xx_HAL_Driver\Src\stm32f3xx_hal_rcc.o
                0x080018e0                HAL_RCC_GetSysClockFreq
 .text.HAL_RCC_ClockConfig
                0x08001948      0x1b0 Drivers\STM32F3xx_HAL_Driver\Src\stm32f3xx_hal_rcc.o
                0x08001948                HAL_RCC_ClockConfig
 .text.HAL_RCC_GetHCLKFreq
                0x08001af8        0xc Drivers\STM32F3xx_HAL_Driver\Src\stm32f3xx_hal_rcc.o
                0x08001af8                HAL_RCC_GetHCLKFreq
 .text.HAL_RCC_GetPCLK1Freq
                0x08001b04       0x30 Drivers\STM32F3xx_HAL_Driver\Src\stm32f3xx_hal_rcc.o
                0x08001b04                HAL_RCC_GetPCLK1Freq
 .text.HAL_TIM_Base_Start_IT
                0x08001b34       0x18 Drivers\STM32F3xx_HAL_Driver\Src\stm32f3xx_hal_tim.o
                0x08001b34                HAL_TIM_Base_Start_IT
 .text.HAL_TIM_OC_MspInit
                0x08001b4c        0x2 Drivers\STM32F3xx_HAL_Driver\Src\stm32f3xx_hal_tim.o
                0x08001b4c                HAL_TIM_OC_MspInit
 .text.HAL_TIM_PeriodElapsedCallback
                0x08001b4e        0x2 Drivers\STM32F3xx_HAL_Driver\Src\stm32f3xx_hal_tim.o
                0x08001b4e                HAL_TIM_PeriodElapsedCallback
 .text.HAL_TIM_OC_DelayElapsedCallback
                0x08001b50        0x2 Drivers\STM32F3xx_HAL_Driver\Src\stm32f3xx_hal_tim.o
                0x08001b50                HAL_TIM_OC_DelayElapsedCallback
 .text.HAL_TIM_IC_CaptureCallback
                0x08001b52        0x2 Drivers\STM32F3xx_HAL_Driver\Src\stm32f3xx_hal_tim.o
                0x08001b52                HAL_TIM_IC_CaptureCallback
 .text.HAL_TIM_PWM_PulseFinishedCallback
                0x08001b54        0x2 Drivers\STM32F3xx_HAL_Driver\Src\stm32f3xx_hal_tim.o
                0x08001b54                HAL_TIM_PWM_PulseFinishedCallback
 .text.HAL_TIM_TriggerCallback
                0x08001b56        0x2 Drivers\STM32F3xx_HAL_Driver\Src\stm32f3xx_hal_tim.o
                0x08001b56                HAL_TIM_TriggerCallback
 .text.HAL_TIM_IRQHandler
                0x08001b58      0x19a Drivers\STM32F3xx_HAL_Driver\Src\stm32f3xx_hal_tim.o
                0x08001b58                HAL_TIM_IRQHandler
 *fill*         0x08001cf2        0x2 
 .text.TIM_Base_SetConfig
                0x08001cf4       0xf8 Drivers\STM32F3xx_HAL_Driver\Src\stm32f3xx_hal_tim.o
                0x08001cf4                TIM_Base_SetConfig
 .text.HAL_TIM_Base_Init
                0x08001dec       0x32 Drivers\STM32F3xx_HAL_Driver\Src\stm32f3xx_hal_tim.o
                0x08001dec                HAL_TIM_Base_Init
 .text.HAL_TIM_OC_Init
                0x08001e1e       0x32 Drivers\STM32F3xx_HAL_Driver\Src\stm32f3xx_hal_tim.o
                0x08001e1e                HAL_TIM_OC_Init
 .text.TIM_OC1_SetConfig
                0x08001e50       0x98 Drivers\STM32F3xx_HAL_Driver\Src\stm32f3xx_hal_tim.o
                0x08001e50                TIM_OC1_SetConfig
 .text.TIM_OC2_SetConfig
                0x08001ee8       0x7c Drivers\STM32F3xx_HAL_Driver\Src\stm32f3xx_hal_tim.o
                0x08001ee8                TIM_OC2_SetConfig
 .text.TIM_OC3_SetConfig
                0x08001f64       0x78 Drivers\STM32F3xx_HAL_Driver\Src\stm32f3xx_hal_tim.o
                0x08001f64                TIM_OC3_SetConfig
 .text.TIM_OC4_SetConfig
                0x08001fdc       0x64 Drivers\STM32F3xx_HAL_Driver\Src\stm32f3xx_hal_tim.o
                0x08001fdc                TIM_OC4_SetConfig
 .text.TIM_ETR_SetConfig
                0x08002040       0x18 Drivers\STM32F3xx_HAL_Driver\Src\stm32f3xx_hal_tim.o
                0x08002040                TIM_ETR_SetConfig
 .text.HAL_TIM_ConfigClockSource
                0x08002058      0x194 Drivers\STM32F3xx_HAL_Driver\Src\stm32f3xx_hal_tim.o
                0x08002058                HAL_TIM_ConfigClockSource
 .text.TIM_OC5_SetConfig
                0x080021ec       0x60 Drivers\STM32F3xx_HAL_Driver\Src\stm32f3xx_hal_tim_ex.o
 .text.TIM_OC6_SetConfig
                0x0800224c       0x64 Drivers\STM32F3xx_HAL_Driver\Src\stm32f3xx_hal_tim_ex.o
 .text.HAL_TIM_OC_ConfigChannel
                0x080022b0       0x76 Drivers\STM32F3xx_HAL_Driver\Src\stm32f3xx_hal_tim_ex.o
                0x080022b0                HAL_TIM_OC_ConfigChannel
 *fill*         0x08002326        0x2 
 .text.HAL_TIMEx_MasterConfigSynchronization
                0x08002328       0x50 Drivers\STM32F3xx_HAL_Driver\Src\stm32f3xx_hal_tim_ex.o
                0x08002328                HAL_TIMEx_MasterConfigSynchronization
 .text.HAL_TIMEx_ConfigBreakDeadTime
                0x08002378       0x88 Drivers\STM32F3xx_HAL_Driver\Src\stm32f3xx_hal_tim_ex.o
                0x08002378                HAL_TIMEx_ConfigBreakDeadTime
 .text.HAL_TIMEx_CommutationCallback
                0x08002400        0x2 Drivers\STM32F3xx_HAL_Driver\Src\stm32f3xx_hal_tim_ex.o
                0x08002400                HAL_TIMEx_CommutationCallback
 .text.HAL_TIMEx_BreakCallback
                0x08002402        0x2 Drivers\STM32F3xx_HAL_Driver\Src\stm32f3xx_hal_tim_ex.o
                0x08002402                HAL_TIMEx_BreakCallback
 .text.HAL_TIMEx_Break2Callback
                0x08002404        0x2 Drivers\STM32F3xx_HAL_Driver\Src\stm32f3xx_hal_tim_ex.o
                0x08002404                HAL_TIMEx_Break2Callback
 .text.UART_EndRxTransfer
                0x08002406       0x1c Drivers\STM32F3xx_HAL_Driver\Src\stm32f3xx_hal_uart.o
 .text.HAL_UART_TxCpltCallback
                0x08002422        0x2 Drivers\STM32F3xx_HAL_Driver\Src\stm32f3xx_hal_uart.o
                0x08002422                HAL_UART_TxCpltCallback
 .text.HAL_UART_RxCpltCallback
                0x08002424        0x2 Drivers\STM32F3xx_HAL_Driver\Src\stm32f3xx_hal_uart.o
                0x08002424                HAL_UART_RxCpltCallback
 .text.HAL_UART_ErrorCallback
                0x08002426        0x2 Drivers\STM32F3xx_HAL_Driver\Src\stm32f3xx_hal_uart.o
                0x08002426                HAL_UART_ErrorCallback
 .text.UART_DMAAbortOnError
                0x08002428       0x14 Drivers\STM32F3xx_HAL_Driver\Src\stm32f3xx_hal_uart.o
 .text.UART_SetConfig
                0x0800243c      0x184 Drivers\STM32F3xx_HAL_Driver\Src\stm32f3xx_hal_uart.o
                0x0800243c                UART_SetConfig
 .text.UART_AdvFeatureConfig
                0x080025c0       0xca Drivers\STM32F3xx_HAL_Driver\Src\stm32f3xx_hal_uart.o
                0x080025c0                UART_AdvFeatureConfig
 .text.UART_WaitOnFlagUntilTimeout
                0x0800268a       0x64 Drivers\STM32F3xx_HAL_Driver\Src\stm32f3xx_hal_uart.o
                0x0800268a                UART_WaitOnFlagUntilTimeout
 .text.UART_CheckIdleState
                0x080026ee       0x70 Drivers\STM32F3xx_HAL_Driver\Src\stm32f3xx_hal_uart.o
                0x080026ee                UART_CheckIdleState
 .text.HAL_UART_Init
                0x0800275e       0x68 Drivers\STM32F3xx_HAL_Driver\Src\stm32f3xx_hal_uart.o
                0x0800275e                HAL_UART_Init
 .text.UART_Transmit_IT
                0x080027c6       0x6c Drivers\STM32F3xx_HAL_Driver\Src\stm32f3xx_hal_uart.o
                0x080027c6                UART_Transmit_IT
 .text.UART_EndTransmit_IT
                0x08002832       0x1a Drivers\STM32F3xx_HAL_Driver\Src\stm32f3xx_hal_uart.o
                0x08002832                UART_EndTransmit_IT
 .text.UART_Receive_IT
                0x0800284c       0x7e Drivers\STM32F3xx_HAL_Driver\Src\stm32f3xx_hal_uart.o
                0x0800284c                UART_Receive_IT
 *fill*         0x080028ca        0x2 
 .text.HAL_UART_IRQHandler
                0x080028cc      0x168 Drivers\STM32F3xx_HAL_Driver\Src\stm32f3xx_hal_uart.o
                0x080028cc                HAL_UART_IRQHandler
 .text.HAL_UARTEx_WakeupCallback
                0x08002a34        0x2 Drivers\STM32F3xx_HAL_Driver\Src\stm32f3xx_hal_uart_ex.o
                0x08002a34                HAL_UARTEx_WakeupCallback
 *fill*         0x08002a36        0x2 
 .text.IEC60601_TurnOnAlarm
                0x08002a38       0x28 Src\IEC60601_1_8.o
                0x08002a38                IEC60601_TurnOnAlarm
 .text.IEC60601_InitSequencer
                0x08002a60       0x14 Src\IEC60601_1_8.o
                0x08002a60                IEC60601_InitSequencer
 .text.IEC60601_TurnOnNote
                0x08002a74       0x20 Src\IEC60601_1_8.o
                0x08002a74                IEC60601_TurnOnNote
 .text.IEC60601_HighPriSequence
                0x08002a94      0x174 Src\IEC60601_1_8.o
                0x08002a94                IEC60601_HighPriSequence
 .text.IEC60601_MedPriSequence
                0x08002c08       0xd0 Src\IEC60601_1_8.o
                0x08002c08                IEC60601_MedPriSequence
 .text.IEC60601_LowPriSequence
                0x08002cd8       0xcc Src\IEC60601_1_8.o
                0x08002cd8                IEC60601_LowPriSequence
 .text.IEC60601_TestSequence
                0x08002da4       0x5c Src\IEC60601_1_8.o
                0x08002da4                IEC60601_TestSequence
 .text.IEC60601_EnvelopeControl
                0x08002e00       0x74 Src\IEC60601_1_8.o
                0x08002e00                IEC60601_EnvelopeControl
 *fill*         0x08002e74        0x4 
 .text.IEC60601_InitToneCoefArray
                0x08002e78       0xc8 Src\IEC60601_1_8.o
                0x08002e78                IEC60601_InitToneCoefArray
 .text.IEC60601_GenerateMultiTone
                0x08002f40       0xc4 Src\IEC60601_1_8.o
                0x08002f40                IEC60601_GenerateMultiTone
 .text.IEC60601_TimerInteruptHandler
                0x08003004       0x88 Src\IEC60601_1_8.o
                0x08003004                IEC60601_TimerInteruptHandler
 .text.LUT_Prepare
                0x0800308c       0x48 Src\main.o
                0x0800308c                LUT_Prepare
 .text.IEC60601_init2
                0x080030d4        0xc Src\main.o
                0x080030d4                IEC60601_init2
 .text.Test_Alarm
                0x080030e0       0x7c Src\main.o
                0x080030e0                Test_Alarm
 .text.SystemClock_Config
                0x0800315c       0x80 Src\main.o
                0x0800315c                SystemClock_Config
 .text.main     0x080031dc      0x310 Src\main.o
                0x080031dc                main
 .text.HAL_MspInit
                0x080034ec       0x90 Src\stm32f3xx_hal_msp.o
                0x080034ec                HAL_MspInit
 .text.HAL_DAC_MspInit
                0x0800357c       0x44 Src\stm32f3xx_hal_msp.o
                0x0800357c                HAL_DAC_MspInit
 .text.HAL_OPAMP_MspInit
                0x080035c0       0x30 Src\stm32f3xx_hal_msp.o
                0x080035c0                HAL_OPAMP_MspInit
 .text.HAL_TIM_Base_MspInit
                0x080035f0       0x4c Src\stm32f3xx_hal_msp.o
                0x080035f0                HAL_TIM_Base_MspInit
 .text.HAL_TIM_MspPostInit
                0x0800363c       0x34 Src\stm32f3xx_hal_msp.o
                0x0800363c                HAL_TIM_MspPostInit
 .text.HAL_UART_MspInit
                0x08003670       0x50 Src\stm32f3xx_hal_msp.o
                0x08003670                HAL_UART_MspInit
 .text.NMI_Handler
                0x080036c0        0x2 Src\stm32f3xx_it.o
                0x080036c0                NMI_Handler
 .text.HardFault_Handler
                0x080036c2        0x2 Src\stm32f3xx_it.o
                0x080036c2                HardFault_Handler
 .text.MemManage_Handler
                0x080036c4        0x2 Src\stm32f3xx_it.o
                0x080036c4                MemManage_Handler
 .text.BusFault_Handler
                0x080036c6        0x2 Src\stm32f3xx_it.o
                0x080036c6                BusFault_Handler
 .text.UsageFault_Handler
                0x080036c8        0x2 Src\stm32f3xx_it.o
                0x080036c8                UsageFault_Handler
 .text.SVC_Handler
                0x080036ca        0x2 Src\stm32f3xx_it.o
                0x080036ca                SVC_Handler
 .text.DebugMon_Handler
                0x080036cc        0x2 Src\stm32f3xx_it.o
                0x080036cc                DebugMon_Handler
 .text.PendSV_Handler
                0x080036ce        0x2 Src\stm32f3xx_it.o
                0x080036ce                PendSV_Handler
 .text.SysTick_Handler
                0x080036d0        0xc Src\stm32f3xx_it.o
                0x080036d0                SysTick_Handler
 .text.TIM1_BRK_TIM15_IRQHandler
                0x080036dc       0x14 Src\stm32f3xx_it.o
                0x080036dc                TIM1_BRK_TIM15_IRQHandler
 .text.TIM2_IRQHandler
                0x080036f0       0x10 Src\stm32f3xx_it.o
                0x080036f0                TIM2_IRQHandler
 .text.USART2_IRQHandler
                0x08003700       0x10 Src\stm32f3xx_it.o
                0x08003700                USART2_IRQHandler
 .text.SystemInit
                0x08003710       0x68 Src\system_stm32f3xx.o
                0x08003710                SystemInit
 .text.Reset_Handler
                0x08003778       0x50 startup\startup_stm32f303x8.o
                0x08003778                Reset_Handler
 .text.Default_Handler
                0x080037c8        0x2 startup\startup_stm32f303x8.o
                0x080037c8                RTC_Alarm_IRQHandler
                0x080037c8                TIM1_CC_IRQHandler
                0x080037c8                PVD_IRQHandler
                0x080037c8                TAMP_STAMP_IRQHandler
                0x080037c8                EXTI3_IRQHandler
                0x080037c8                EXTI0_IRQHandler
                0x080037c8                FPU_IRQHandler
                0x080037c8                CAN_TX_IRQHandler
                0x080037c8                TIM1_UP_TIM16_IRQHandler
                0x080037c8                ADC1_2_IRQHandler
                0x080037c8                SPI1_IRQHandler
                0x080037c8                CAN_SCE_IRQHandler
                0x080037c8                DMA1_Channel4_IRQHandler
                0x080037c8                USART3_IRQHandler
                0x080037c8                DMA1_Channel7_IRQHandler
                0x080037c8                TIM7_DAC2_IRQHandler
                0x080037c8                CAN_RX1_IRQHandler
                0x080037c8                I2C1_EV_IRQHandler
                0x080037c8                DMA1_Channel6_IRQHandler
                0x080037c8                TIM3_IRQHandler
                0x080037c8                RCC_IRQHandler
                0x080037c8                DMA1_Channel1_IRQHandler
                0x080037c8                Default_Handler
                0x080037c8                EXTI15_10_IRQHandler
                0x080037c8                COMP2_IRQHandler
                0x080037c8                TIM6_DAC1_IRQHandler
                0x080037c8                EXTI9_5_IRQHandler
                0x080037c8                RTC_WKUP_IRQHandler
                0x080037c8                DMA1_Channel5_IRQHandler
                0x080037c8                EXTI4_IRQHandler
                0x080037c8                TIM1_TRG_COM_TIM17_IRQHandler
                0x080037c8                DMA1_Channel3_IRQHandler
                0x080037c8                WWDG_IRQHandler
                0x080037c8                EXTI1_IRQHandler
                0x080037c8                COMP4_6_IRQHandler
                0x080037c8                DMA1_Channel2_IRQHandler
                0x080037c8                FLASH_IRQHandler
                0x080037c8                USART1_IRQHandler
                0x080037c8                CAN_RX0_IRQHandler
                0x080037c8                I2C1_ER_IRQHandler
                0x080037c8                EXTI2_TSC_IRQHandler
 *fill*         0x080037ca        0x2 
 .text.__libc_init_array
                0x080037cc       0x48 e:/atolic/truestudio for stm32 9.1.0/armtools/bin/../lib/gcc/arm-atollic-eabi/6.3.1/../../../../arm-atollic-eabi/lib/armv7e-m/fpu\libc_nano.a(lib_a-init.o)
                0x080037cc                __libc_init_array
 *fill*         0x08003814        0x4 
 .text.cos      0x08003818       0x88 e:/atolic/truestudio for stm32 9.1.0/armtools/bin/../lib/gcc/arm-atollic-eabi/6.3.1/../../../../arm-atollic-eabi/lib/armv7e-m/fpu\libm.a(lib_a-s_cos.o)
                0x08003818                cos
 .text.sin      0x080038a0       0x90 e:/atolic/truestudio for stm32 9.1.0/armtools/bin/../lib/gcc/arm-atollic-eabi/6.3.1/../../../../arm-atollic-eabi/lib/armv7e-m/fpu\libm.a(lib_a-s_sin.o)
                0x080038a0                sin
 .text.__ieee754_rem_pio2
                0x08003930      0x3e4 e:/atolic/truestudio for stm32 9.1.0/armtools/bin/../lib/gcc/arm-atollic-eabi/6.3.1/../../../../arm-atollic-eabi/lib/armv7e-m/fpu\libm.a(lib_a-e_rem_pio2.o)
                0x08003930                __ieee754_rem_pio2
 *fill*         0x08003d14        0x4 
 .text.__kernel_cos
                0x08003d18      0x1cc e:/atolic/truestudio for stm32 9.1.0/armtools/bin/../lib/gcc/arm-atollic-eabi/6.3.1/../../../../arm-atollic-eabi/lib/armv7e-m/fpu\libm.a(lib_a-k_cos.o)
                0x08003d18                __kernel_cos
 *fill*         0x08003ee4        0x4 
 .text.__kernel_rem_pio2
                0x08003ee8      0x69c e:/atolic/truestudio for stm32 9.1.0/armtools/bin/../lib/gcc/arm-atollic-eabi/6.3.1/../../../../arm-atollic-eabi/lib/armv7e-m/fpu\libm.a(lib_a-k_rem_pio2.o)
                0x08003ee8                __kernel_rem_pio2
 *fill*         0x08004584        0x4 
 .text.__kernel_sin
                0x08004588      0x174 e:/atolic/truestudio for stm32 9.1.0/armtools/bin/../lib/gcc/arm-atollic-eabi/6.3.1/../../../../arm-atollic-eabi/lib/armv7e-m/fpu\libm.a(lib_a-k_sin.o)
                0x08004588                __kernel_sin
 .text.fabs     0x080046fc        0xe e:/atolic/truestudio for stm32 9.1.0/armtools/bin/../lib/gcc/arm-atollic-eabi/6.3.1/../../../../arm-atollic-eabi/lib/armv7e-m/fpu\libm.a(lib_a-s_fabs.o)
                0x080046fc                fabs
 *fill*         0x0800470a        0x6 
 .text.floor    0x08004710      0x108 e:/atolic/truestudio for stm32 9.1.0/armtools/bin/../lib/gcc/arm-atollic-eabi/6.3.1/../../../../arm-atollic-eabi/lib/armv7e-m/fpu\libm.a(lib_a-s_floor.o)
                0x08004710                floor
 .text.scalbn   0x08004818       0xf4 e:/atolic/truestudio for stm32 9.1.0/armtools/bin/../lib/gcc/arm-atollic-eabi/6.3.1/../../../../arm-atollic-eabi/lib/armv7e-m/fpu\libm.a(lib_a-s_scalbn.o)
                0x08004818                scalbn
 .text.copysign
                0x0800490c       0x1a e:/atolic/truestudio for stm32 9.1.0/armtools/bin/../lib/gcc/arm-atollic-eabi/6.3.1/../../../../arm-atollic-eabi/lib/armv7e-m/fpu\libm.a(lib_a-s_copysign.o)
                0x0800490c                copysign
 *(.glue_7)
 .glue_7        0x08004926        0x0 linker stubs
 *(.glue_7t)
 .glue_7t       0x08004926        0x0 linker stubs
 *(.eh_frame)
 *fill*         0x08004926        0x2 
 .eh_frame      0x08004928        0x0 e:/atolic/truestudio for stm32 9.1.0/armtools/bin/../lib/gcc/arm-atollic-eabi/6.3.1/armv7e-m/fpu/crtbegin.o
 *(.init)
 .init          0x08004928        0x4 e:/atolic/truestudio for stm32 9.1.0/armtools/bin/../lib/gcc/arm-atollic-eabi/6.3.1/armv7e-m/fpu/crti.o
                0x08004928                _init
 .init          0x0800492c        0x8 e:/atolic/truestudio for stm32 9.1.0/armtools/bin/../lib/gcc/arm-atollic-eabi/6.3.1/armv7e-m/fpu/crtn.o
 *(.fini)
 .fini          0x08004934        0x4 e:/atolic/truestudio for stm32 9.1.0/armtools/bin/../lib/gcc/arm-atollic-eabi/6.3.1/armv7e-m/fpu/crti.o
                0x08004934                _fini
 .fini          0x08004938        0x8 e:/atolic/truestudio for stm32 9.1.0/armtools/bin/../lib/gcc/arm-atollic-eabi/6.3.1/armv7e-m/fpu/crtn.o
                0x08004940                . = ALIGN (0x4)
                0x08004940                _etext = .

.vfp11_veneer   0x08004940        0x0
 .vfp11_veneer  0x08004940        0x0 linker stubs

.v4_bx          0x08004940        0x0
 .v4_bx         0x08004940        0x0 linker stubs

.iplt           0x08004940        0x0
 .iplt          0x08004940        0x0 e:/atolic/truestudio for stm32 9.1.0/armtools/bin/../lib/gcc/arm-atollic-eabi/6.3.1/armv7e-m/fpu/crtbegin.o

.rodata         0x08004940      0x3a8
                0x08004940                . = ALIGN (0x4)
 *(.rodata)
 *(.rodata*)
 .rodata.aPLLMULFactorTable
                0x08004940       0x10 Drivers\STM32F3xx_HAL_Driver\Src\stm32f3xx_hal_rcc.o
                0x08004940                aPLLMULFactorTable
 .rodata.aPredivFactorTable
                0x08004950       0x10 Drivers\STM32F3xx_HAL_Driver\Src\stm32f3xx_hal_rcc.o
                0x08004950                aPredivFactorTable
 .rodata._FreqArray
                0x08004960      0x168 Src\IEC60601_1_8.o
                0x08004960                _FreqArray
 .rodata._TuneSequence
                0x08004ac8       0x2d Src\IEC60601_1_8.o
                0x08004ac8                _TuneSequence
 *fill*         0x08004af5        0x3 
 .rodata.AHBPrescTable
                0x08004af8       0x10 Src\system_stm32f3xx.o
                0x08004af8                AHBPrescTable
 .rodata.APBPrescTable
                0x08004b08        0x8 Src\system_stm32f3xx.o
                0x08004b08                APBPrescTable
 .rodata.npio2_hw
                0x08004b10       0x80 e:/atolic/truestudio for stm32 9.1.0/armtools/bin/../lib/gcc/arm-atollic-eabi/6.3.1/../../../../arm-atollic-eabi/lib/armv7e-m/fpu\libm.a(lib_a-e_rem_pio2.o)
 .rodata.two_over_pi
                0x08004b90      0x108 e:/atolic/truestudio for stm32 9.1.0/armtools/bin/../lib/gcc/arm-atollic-eabi/6.3.1/../../../../arm-atollic-eabi/lib/armv7e-m/fpu\libm.a(lib_a-e_rem_pio2.o)
 .rodata.PIo2   0x08004c98       0x40 e:/atolic/truestudio for stm32 9.1.0/armtools/bin/../lib/gcc/arm-atollic-eabi/6.3.1/../../../../arm-atollic-eabi/lib/armv7e-m/fpu\libm.a(lib_a-k_rem_pio2.o)
 .rodata.init_jk
                0x08004cd8       0x10 e:/atolic/truestudio for stm32 9.1.0/armtools/bin/../lib/gcc/arm-atollic-eabi/6.3.1/../../../../arm-atollic-eabi/lib/armv7e-m/fpu\libm.a(lib_a-k_rem_pio2.o)
                0x08004ce8                . = ALIGN (0x4)

.rel.dyn        0x08004ce8        0x0
 .rel.iplt      0x08004ce8        0x0 e:/atolic/truestudio for stm32 9.1.0/armtools/bin/../lib/gcc/arm-atollic-eabi/6.3.1/armv7e-m/fpu/crtbegin.o

.ARM.extab
 *(.ARM.extab* .gnu.linkonce.armextab.*)

.ARM            0x08004ce8        0x0
                0x08004ce8                __exidx_start = .
 *(.ARM.exidx*)
                0x08004ce8                __exidx_end = .

.preinit_array  0x08004ce8        0x0
                0x08004ce8                PROVIDE (__preinit_array_start, .)
 *(.preinit_array*)
                0x08004ce8                PROVIDE (__preinit_array_end, .)

.init_array     0x08004ce8        0x4
                0x08004ce8                PROVIDE (__init_array_start, .)
 *(SORT(.init_array.*))
 *(.init_array*)
 .init_array    0x08004ce8        0x4 e:/atolic/truestudio for stm32 9.1.0/armtools/bin/../lib/gcc/arm-atollic-eabi/6.3.1/armv7e-m/fpu/crtbegin.o
                0x08004cec                PROVIDE (__init_array_end, .)

.fini_array     0x08004cec        0x4
                [!provide]                PROVIDE (__fini_array_start, .)
 *(SORT(.fini_array.*))
 *(.fini_array*)
 .fini_array    0x08004cec        0x4 e:/atolic/truestudio for stm32 9.1.0/armtools/bin/../lib/gcc/arm-atollic-eabi/6.3.1/armv7e-m/fpu/crtbegin.o
                [!provide]                PROVIDE (__fini_array_end, .)
                0x08004cf0                _sidata = LOADADDR (.data)

.data           0x20000000       0x14 load address 0x08004cf0
                0x20000000                . = ALIGN (0x4)
                0x20000000                _sdata = .
 *(.data)
 *(.data*)
 .data.uwTickFreq
                0x20000000        0x1 Drivers\STM32F3xx_HAL_Driver\Src\stm32f3xx_hal.o
                0x20000000                uwTickFreq
 *fill*         0x20000001        0x3 
 .data.uwTickPrio
                0x20000004        0x4 Drivers\STM32F3xx_HAL_Driver\Src\stm32f3xx_hal.o
                0x20000004                uwTickPrio
 .data._ToneWeights
                0x20000008        0x5 Src\IEC60601_1_8.o
                0x20000008                _ToneWeights
 *fill*         0x2000000d        0x3 
 .data.SystemCoreClock
                0x20000010        0x4 Src\system_stm32f3xx.o
                0x20000010                SystemCoreClock
                0x20000014                . = ALIGN (0x4)
                0x20000014                _edata = .
                0x08004d04                _siccmram = LOADADDR (.ccmram)

.igot.plt       0x20000014        0x0 load address 0x08004d04
 .igot.plt      0x20000014        0x0 e:/atolic/truestudio for stm32 9.1.0/armtools/bin/../lib/gcc/arm-atollic-eabi/6.3.1/armv7e-m/fpu/crtbegin.o

.ccmram         0x10000000        0x0 load address 0x08004d04
                0x10000000                . = ALIGN (0x4)
                0x10000000                _sccmram = .
 *(.ccmram)
 *(.ccmram*)
                0x10000000                . = ALIGN (0x4)
                0x10000000                _eccmram = .
                0x10000000                . = ALIGN (0x4)

.bss            0x20000014      0x3cc
                0x20000014                _sbss = .
                0x20000014                __bss_start__ = _sbss
 *(.bss)
 .bss           0x20000014       0x1c e:/atolic/truestudio for stm32 9.1.0/armtools/bin/../lib/gcc/arm-atollic-eabi/6.3.1/armv7e-m/fpu/crtbegin.o
 *(.bss*)
 .bss.output_old.9604
                0x20000030        0x4 Src\IEC60601_1_8.o
 .bss.timeval.9611
                0x20000034        0x4 Src\IEC60601_1_8.o
 *(COMMON)
 COMMON         0x20000038        0x4 Drivers\STM32F3xx_HAL_Driver\Src\stm32f3xx_hal.o
                0x20000038                uwTick
 COMMON         0x2000003c      0x244 Src\IEC60601_1_8.o
                0x2000003c                _envelope_on
                0x20000040                _priority
                0x20000044                _Waves
                0x20000260                _alarm_type
                0x20000264                _envelope_off
                0x20000268                _mscount
                0x2000026c                _sequence
                0x20000270                _envelope
                0x20000274                _note_level
                0x20000278                _active_note
                0x2000027c                _note_on
 COMMON         0x20000280      0x160 Src\main.o
                0x20000280                hopamp2
                0x200002b4                hdac1
                0x200002c8                htim15
                0x20000308                htim2
                0x20000348                huart2
                0x200003b8                dac_lut
                0x200003e0                . = ALIGN (0x4)
                0x200003e0                _ebss = .
                0x200003e0                __bss_end__ = _ebss

._user_heap_stack
                0x200003e0      0x600
                0x200003e0                . = ALIGN (0x4)
                [!provide]                PROVIDE (end, .)
                [!provide]                PROVIDE (_end, .)
                0x200005e0                . = (. + _Min_Heap_Size)
 *fill*         0x200003e0      0x200 
                0x200009e0                . = (. + _Min_Stack_Size)
 *fill*         0x200005e0      0x400 
                0x200009e0                . = ALIGN (0x4)

/DISCARD/
 libc.a(*)
 libm.a(*)
 libgcc.a(*)

.ARM.attributes
                0x00000000       0x30
 *(.ARM.attributes)
 .ARM.attributes
                0x00000000       0x22 e:/atolic/truestudio for stm32 9.1.0/armtools/bin/../lib/gcc/arm-atollic-eabi/6.3.1/armv7e-m/fpu/crti.o
 .ARM.attributes
                0x00000022       0x34 e:/atolic/truestudio for stm32 9.1.0/armtools/bin/../lib/gcc/arm-atollic-eabi/6.3.1/armv7e-m/fpu/crtbegin.o
 .ARM.attributes
                0x00000056       0x39 Drivers\STM32F3xx_HAL_Driver\Src\stm32f3xx_hal.o
 .ARM.attributes
                0x0000008f       0x39 Drivers\STM32F3xx_HAL_Driver\Src\stm32f3xx_hal_cortex.o
 .ARM.attributes
                0x000000c8       0x39 Drivers\STM32F3xx_HAL_Driver\Src\stm32f3xx_hal_dac.o
 .ARM.attributes
                0x00000101       0x39 Drivers\STM32F3xx_HAL_Driver\Src\stm32f3xx_hal_dac_ex.o
 .ARM.attributes
                0x0000013a       0x39 Drivers\STM32F3xx_HAL_Driver\Src\stm32f3xx_hal_dma.o
 .ARM.attributes
                0x00000173       0x39 Drivers\STM32F3xx_HAL_Driver\Src\stm32f3xx_hal_gpio.o
 .ARM.attributes
                0x000001ac       0x39 Drivers\STM32F3xx_HAL_Driver\Src\stm32f3xx_hal_opamp.o
 .ARM.attributes
                0x000001e5       0x39 Drivers\STM32F3xx_HAL_Driver\Src\stm32f3xx_hal_rcc.o
 .ARM.attributes
                0x0000021e       0x39 Drivers\STM32F3xx_HAL_Driver\Src\stm32f3xx_hal_tim.o
 .ARM.attributes
                0x00000257       0x39 Drivers\STM32F3xx_HAL_Driver\Src\stm32f3xx_hal_tim_ex.o
 .ARM.attributes
                0x00000290       0x39 Drivers\STM32F3xx_HAL_Driver\Src\stm32f3xx_hal_uart.o
 .ARM.attributes
                0x000002c9       0x39 Drivers\STM32F3xx_HAL_Driver\Src\stm32f3xx_hal_uart_ex.o
 .ARM.attributes
                0x00000302       0x39 Src\IEC60601_1_8.o
 .ARM.attributes
                0x0000033b       0x39 Src\main.o
 .ARM.attributes
                0x00000374       0x39 Src\stm32f3xx_hal_msp.o
 .ARM.attributes
                0x000003ad       0x39 Src\stm32f3xx_it.o
 .ARM.attributes
                0x000003e6       0x39 Src\system_stm32f3xx.o
 .ARM.attributes
                0x0000041f       0x21 startup\startup_stm32f303x8.o
 .ARM.attributes
                0x00000440       0x34 e:/atolic/truestudio for stm32 9.1.0/armtools/bin/../lib/gcc/arm-atollic-eabi/6.3.1/../../../../arm-atollic-eabi/lib/armv7e-m/fpu\libc_nano.a(lib_a-init.o)
 .ARM.attributes
                0x00000474       0x34 e:/atolic/truestudio for stm32 9.1.0/armtools/bin/../lib/gcc/arm-atollic-eabi/6.3.1/../../../../arm-atollic-eabi/lib/armv7e-m/fpu\libm.a(lib_a-s_cos.o)
 .ARM.attributes
                0x000004a8       0x34 e:/atolic/truestudio for stm32 9.1.0/armtools/bin/../lib/gcc/arm-atollic-eabi/6.3.1/../../../../arm-atollic-eabi/lib/armv7e-m/fpu\libm.a(lib_a-s_sin.o)
 .ARM.attributes
                0x000004dc       0x34 e:/atolic/truestudio for stm32 9.1.0/armtools/bin/../lib/gcc/arm-atollic-eabi/6.3.1/../../../../arm-atollic-eabi/lib/armv7e-m/fpu\libm.a(lib_a-e_rem_pio2.o)
 .ARM.attributes
                0x00000510       0x34 e:/atolic/truestudio for stm32 9.1.0/armtools/bin/../lib/gcc/arm-atollic-eabi/6.3.1/../../../../arm-atollic-eabi/lib/armv7e-m/fpu\libm.a(lib_a-k_cos.o)
 .ARM.attributes
                0x00000544       0x34 e:/atolic/truestudio for stm32 9.1.0/armtools/bin/../lib/gcc/arm-atollic-eabi/6.3.1/../../../../arm-atollic-eabi/lib/armv7e-m/fpu\libm.a(lib_a-k_rem_pio2.o)
 .ARM.attributes
                0x00000578       0x34 e:/atolic/truestudio for stm32 9.1.0/armtools/bin/../lib/gcc/arm-atollic-eabi/6.3.1/../../../../arm-atollic-eabi/lib/armv7e-m/fpu\libm.a(lib_a-k_sin.o)
 .ARM.attributes
                0x000005ac       0x34 e:/atolic/truestudio for stm32 9.1.0/armtools/bin/../lib/gcc/arm-atollic-eabi/6.3.1/../../../../arm-atollic-eabi/lib/armv7e-m/fpu\libm.a(lib_a-s_fabs.o)
 .ARM.attributes
                0x000005e0       0x34 e:/atolic/truestudio for stm32 9.1.0/armtools/bin/../lib/gcc/arm-atollic-eabi/6.3.1/../../../../arm-atollic-eabi/lib/armv7e-m/fpu\libm.a(lib_a-s_floor.o)
 .ARM.attributes
                0x00000614       0x34 e:/atolic/truestudio for stm32 9.1.0/armtools/bin/../lib/gcc/arm-atollic-eabi/6.3.1/../../../../arm-atollic-eabi/lib/armv7e-m/fpu\libm.a(lib_a-s_scalbn.o)
 .ARM.attributes
                0x00000648       0x34 e:/atolic/truestudio for stm32 9.1.0/armtools/bin/../lib/gcc/arm-atollic-eabi/6.3.1/../../../../arm-atollic-eabi/lib/armv7e-m/fpu\libm.a(lib_a-s_copysign.o)
 .ARM.attributes
                0x0000067c       0x22 e:/atolic/truestudio for stm32 9.1.0/armtools/bin/../lib/gcc/arm-atollic-eabi/6.3.1/armv7e-m/fpu\libgcc.a(_arm_addsubdf3.o)
 .ARM.attributes
                0x0000069e       0x22 e:/atolic/truestudio for stm32 9.1.0/armtools/bin/../lib/gcc/arm-atollic-eabi/6.3.1/armv7e-m/fpu\libgcc.a(_arm_muldivdf3.o)
 .ARM.attributes
                0x000006c0       0x22 e:/atolic/truestudio for stm32 9.1.0/armtools/bin/../lib/gcc/arm-atollic-eabi/6.3.1/armv7e-m/fpu\libgcc.a(_arm_cmpdf2.o)
 .ARM.attributes
                0x000006e2       0x22 e:/atolic/truestudio for stm32 9.1.0/armtools/bin/../lib/gcc/arm-atollic-eabi/6.3.1/armv7e-m/fpu\libgcc.a(_arm_fixdfsi.o)
 .ARM.attributes
                0x00000704       0x22 e:/atolic/truestudio for stm32 9.1.0/armtools/bin/../lib/gcc/arm-atollic-eabi/6.3.1/armv7e-m/fpu\libgcc.a(_arm_truncdfsf2.o)
 .ARM.attributes
                0x00000726       0x22 e:/atolic/truestudio for stm32 9.1.0/armtools/bin/../lib/gcc/arm-atollic-eabi/6.3.1/armv7e-m/fpu/crtn.o
OUTPUT(alarm.elf elf32-littlearm)

.debug_info     0x00000000    0x19610
 .debug_info    0x00000000     0x1006 Drivers\STM32F3xx_HAL_Driver\Src\stm32f3xx_hal.o
 .debug_info    0x00001006     0x14ca Drivers\STM32F3xx_HAL_Driver\Src\stm32f3xx_hal_cortex.o
 .debug_info    0x000024d0     0x114a Drivers\STM32F3xx_HAL_Driver\Src\stm32f3xx_hal_dac.o
 .debug_info    0x0000361a     0x1348 Drivers\STM32F3xx_HAL_Driver\Src\stm32f3xx_hal_dac_ex.o
 .debug_info    0x00004962     0x10c7 Drivers\STM32F3xx_HAL_Driver\Src\stm32f3xx_hal_dma.o
 .debug_info    0x00005a29      0xfee Drivers\STM32F3xx_HAL_Driver\Src\stm32f3xx_hal_gpio.o
 .debug_info    0x00006a17      0xf21 Drivers\STM32F3xx_HAL_Driver\Src\stm32f3xx_hal_opamp.o
 .debug_info    0x00007938     0x1c2f Drivers\STM32F3xx_HAL_Driver\Src\stm32f3xx_hal_rcc.o
 .debug_info    0x00009567     0x3aee Drivers\STM32F3xx_HAL_Driver\Src\stm32f3xx_hal_tim.o
 .debug_info    0x0000d055     0x1ec1 Drivers\STM32F3xx_HAL_Driver\Src\stm32f3xx_hal_tim_ex.o
 .debug_info    0x0000ef16     0x2214 Drivers\STM32F3xx_HAL_Driver\Src\stm32f3xx_hal_uart.o
 .debug_info    0x0001112a     0x1186 Drivers\STM32F3xx_HAL_Driver\Src\stm32f3xx_hal_uart_ex.o
 .debug_info    0x000122b0     0x1361 Src\IEC60601_1_8.o
 .debug_info    0x00013611     0x2506 Src\main.o
 .debug_info    0x00015b17     0x1b69 Src\stm32f3xx_hal_msp.o
 .debug_info    0x00017680     0x12c0 Src\stm32f3xx_it.o
 .debug_info    0x00018940      0xc74 Src\system_stm32f3xx.o
 .debug_info    0x000195b4       0x5c startup\startup_stm32f303x8.o

.debug_abbrev   0x00000000     0x2d23
 .debug_abbrev  0x00000000      0x2a4 Drivers\STM32F3xx_HAL_Driver\Src\stm32f3xx_hal.o
 .debug_abbrev  0x000002a4      0x35e Drivers\STM32F3xx_HAL_Driver\Src\stm32f3xx_hal_cortex.o
 .debug_abbrev  0x00000602      0x21b Drivers\STM32F3xx_HAL_Driver\Src\stm32f3xx_hal_dac.o
 .debug_abbrev  0x0000081d      0x2c5 Drivers\STM32F3xx_HAL_Driver\Src\stm32f3xx_hal_dac_ex.o
 .debug_abbrev  0x00000ae2      0x2bb Drivers\STM32F3xx_HAL_Driver\Src\stm32f3xx_hal_dma.o
 .debug_abbrev  0x00000d9d      0x268 Drivers\STM32F3xx_HAL_Driver\Src\stm32f3xx_hal_gpio.o
 .debug_abbrev  0x00001005      0x27a Drivers\STM32F3xx_HAL_Driver\Src\stm32f3xx_hal_opamp.o
 .debug_abbrev  0x0000127f      0x349 Drivers\STM32F3xx_HAL_Driver\Src\stm32f3xx_hal_rcc.o
 .debug_abbrev  0x000015c8      0x2f8 Drivers\STM32F3xx_HAL_Driver\Src\stm32f3xx_hal_tim.o
 .debug_abbrev  0x000018c0      0x2a1 Drivers\STM32F3xx_HAL_Driver\Src\stm32f3xx_hal_tim_ex.o
 .debug_abbrev  0x00001b61      0x2e6 Drivers\STM32F3xx_HAL_Driver\Src\stm32f3xx_hal_uart.o
 .debug_abbrev  0x00001e47      0x26b Drivers\STM32F3xx_HAL_Driver\Src\stm32f3xx_hal_uart_ex.o
 .debug_abbrev  0x000020b2      0x30b Src\IEC60601_1_8.o
 .debug_abbrev  0x000023bd      0x31a Src\main.o
 .debug_abbrev  0x000026d7      0x265 Src\stm32f3xx_hal_msp.o
 .debug_abbrev  0x0000293c      0x1f3 Src\stm32f3xx_it.o
 .debug_abbrev  0x00002b2f      0x1e2 Src\system_stm32f3xx.o
 .debug_abbrev  0x00002d11       0x12 startup\startup_stm32f303x8.o

.debug_loc      0x00000000     0x9be3
 .debug_loc     0x00000000      0x108 Drivers\STM32F3xx_HAL_Driver\Src\stm32f3xx_hal.o
 .debug_loc     0x00000108      0x512 Drivers\STM32F3xx_HAL_Driver\Src\stm32f3xx_hal_cortex.o
 .debug_loc     0x0000061a      0x25c Drivers\STM32F3xx_HAL_Driver\Src\stm32f3xx_hal_dac.o
 .debug_loc     0x00000876      0x7a3 Drivers\STM32F3xx_HAL_Driver\Src\stm32f3xx_hal_dac_ex.o
 .debug_loc     0x00001019      0x885 Drivers\STM32F3xx_HAL_Driver\Src\stm32f3xx_hal_dma.o
 .debug_loc     0x0000189e      0x3c1 Drivers\STM32F3xx_HAL_Driver\Src\stm32f3xx_hal_gpio.o
 .debug_loc     0x00001c5f      0x673 Drivers\STM32F3xx_HAL_Driver\Src\stm32f3xx_hal_opamp.o
 .debug_loc     0x000022d2      0x9b9 Drivers\STM32F3xx_HAL_Driver\Src\stm32f3xx_hal_rcc.o
 .debug_loc     0x00002c8b     0x3a81 Drivers\STM32F3xx_HAL_Driver\Src\stm32f3xx_hal_tim.o
 .debug_loc     0x0000670c     0x16af Drivers\STM32F3xx_HAL_Driver\Src\stm32f3xx_hal_tim_ex.o
 .debug_loc     0x00007dbb     0x15c5 Drivers\STM32F3xx_HAL_Driver\Src\stm32f3xx_hal_uart.o
 .debug_loc     0x00009380      0x36d Drivers\STM32F3xx_HAL_Driver\Src\stm32f3xx_hal_uart_ex.o
 .debug_loc     0x000096ed      0x22d Src\IEC60601_1_8.o
 .debug_loc     0x0000991a       0x14 Src\main.o
 .debug_loc     0x0000992e      0x185 Src\stm32f3xx_hal_msp.o
 .debug_loc     0x00009ab3      0x130 Src\system_stm32f3xx.o

.debug_aranges  0x00000000      0xd90
 .debug_aranges
                0x00000000       0xe0 Drivers\STM32F3xx_HAL_Driver\Src\stm32f3xx_hal.o
 .debug_aranges
                0x000000e0       0x90 Drivers\STM32F3xx_HAL_Driver\Src\stm32f3xx_hal_cortex.o
 .debug_aranges
                0x00000170       0xa8 Drivers\STM32F3xx_HAL_Driver\Src\stm32f3xx_hal_dac.o
 .debug_aranges
                0x00000218       0xb8 Drivers\STM32F3xx_HAL_Driver\Src\stm32f3xx_hal_dac_ex.o
 .debug_aranges
                0x000002d0       0x78 Drivers\STM32F3xx_HAL_Driver\Src\stm32f3xx_hal_dma.o
 .debug_aranges
                0x00000348       0x58 Drivers\STM32F3xx_HAL_Driver\Src\stm32f3xx_hal_gpio.o
 .debug_aranges
                0x000003a0       0x68 Drivers\STM32F3xx_HAL_Driver\Src\stm32f3xx_hal_opamp.o
 .debug_aranges
                0x00000408       0x88 Drivers\STM32F3xx_HAL_Driver\Src\stm32f3xx_hal_rcc.o
 .debug_aranges
                0x00000490      0x348 Drivers\STM32F3xx_HAL_Driver\Src\stm32f3xx_hal_tim.o
 .debug_aranges
                0x000007d8      0x178 Drivers\STM32F3xx_HAL_Driver\Src\stm32f3xx_hal_tim_ex.o
 .debug_aranges
                0x00000950      0x1e8 Drivers\STM32F3xx_HAL_Driver\Src\stm32f3xx_hal_uart.o
 .debug_aranges
                0x00000b38       0x48 Drivers\STM32F3xx_HAL_Driver\Src\stm32f3xx_hal_uart_ex.o
 .debug_aranges
                0x00000b80       0x98 Src\IEC60601_1_8.o
 .debug_aranges
                0x00000c18       0x48 Src\main.o
 .debug_aranges
                0x00000c60       0x68 Src\stm32f3xx_hal_msp.o
 .debug_aranges
                0x00000cc8       0x78 Src\stm32f3xx_it.o
 .debug_aranges
                0x00000d40       0x28 Src\system_stm32f3xx.o
 .debug_aranges
                0x00000d68       0x28 startup\startup_stm32f303x8.o

.debug_ranges   0x00000000      0xe18
 .debug_ranges  0x00000000       0xd0 Drivers\STM32F3xx_HAL_Driver\Src\stm32f3xx_hal.o
 .debug_ranges  0x000000d0       0xb0 Drivers\STM32F3xx_HAL_Driver\Src\stm32f3xx_hal_cortex.o
 .debug_ranges  0x00000180       0x98 Drivers\STM32F3xx_HAL_Driver\Src\stm32f3xx_hal_dac.o
 .debug_ranges  0x00000218       0xa8 Drivers\STM32F3xx_HAL_Driver\Src\stm32f3xx_hal_dac_ex.o
 .debug_ranges  0x000002c0       0x98 Drivers\STM32F3xx_HAL_Driver\Src\stm32f3xx_hal_dma.o
 .debug_ranges  0x00000358       0x60 Drivers\STM32F3xx_HAL_Driver\Src\stm32f3xx_hal_gpio.o
 .debug_ranges  0x000003b8       0x58 Drivers\STM32F3xx_HAL_Driver\Src\stm32f3xx_hal_opamp.o
 .debug_ranges  0x00000410      0x1a0 Drivers\STM32F3xx_HAL_Driver\Src\stm32f3xx_hal_rcc.o
 .debug_ranges  0x000005b0      0x338 Drivers\STM32F3xx_HAL_Driver\Src\stm32f3xx_hal_tim.o
 .debug_ranges  0x000008e8      0x168 Drivers\STM32F3xx_HAL_Driver\Src\stm32f3xx_hal_tim_ex.o
 .debug_ranges  0x00000a50      0x1d8 Drivers\STM32F3xx_HAL_Driver\Src\stm32f3xx_hal_uart.o
 .debug_ranges  0x00000c28       0x38 Drivers\STM32F3xx_HAL_Driver\Src\stm32f3xx_hal_uart_ex.o
 .debug_ranges  0x00000c60       0x88 Src\IEC60601_1_8.o
 .debug_ranges  0x00000ce8       0x38 Src\main.o
 .debug_ranges  0x00000d20       0x58 Src\stm32f3xx_hal_msp.o
 .debug_ranges  0x00000d78       0x68 Src\stm32f3xx_it.o
 .debug_ranges  0x00000de0       0x18 Src\system_stm32f3xx.o
 .debug_ranges  0x00000df8       0x20 startup\startup_stm32f303x8.o

.debug_line     0x00000000     0x6872
 .debug_line    0x00000000      0x445 Drivers\STM32F3xx_HAL_Driver\Src\stm32f3xx_hal.o
 .debug_line    0x00000445      0x3fb Drivers\STM32F3xx_HAL_Driver\Src\stm32f3xx_hal_cortex.o
 .debug_line    0x00000840      0x3f1 Drivers\STM32F3xx_HAL_Driver\Src\stm32f3xx_hal_dac.o
 .debug_line    0x00000c31      0x517 Drivers\STM32F3xx_HAL_Driver\Src\stm32f3xx_hal_dac_ex.o
 .debug_line    0x00001148      0x4c9 Drivers\STM32F3xx_HAL_Driver\Src\stm32f3xx_hal_dma.o
 .debug_line    0x00001611      0x420 Drivers\STM32F3xx_HAL_Driver\Src\stm32f3xx_hal_gpio.o
 .debug_line    0x00001a31      0x43f Drivers\STM32F3xx_HAL_Driver\Src\stm32f3xx_hal_opamp.o
 .debug_line    0x00001e70      0x7f2 Drivers\STM32F3xx_HAL_Driver\Src\stm32f3xx_hal_rcc.o
 .debug_line    0x00002662     0x1423 Drivers\STM32F3xx_HAL_Driver\Src\stm32f3xx_hal_tim.o
 .debug_line    0x00003a85      0x9c7 Drivers\STM32F3xx_HAL_Driver\Src\stm32f3xx_hal_tim_ex.o
 .debug_line    0x0000444c      0xcf6 Drivers\STM32F3xx_HAL_Driver\Src\stm32f3xx_hal_uart.o
 .debug_line    0x00005142      0x3a7 Drivers\STM32F3xx_HAL_Driver\Src\stm32f3xx_hal_uart_ex.o
 .debug_line    0x000054e9      0x4ed Src\IEC60601_1_8.o
 .debug_line    0x000059d6      0x44d Src\main.o
 .debug_line    0x00005e23      0x3e6 Src\stm32f3xx_hal_msp.o
 .debug_line    0x00006209      0x37b Src\stm32f3xx_it.o
 .debug_line    0x00006584      0x26f Src\system_stm32f3xx.o
 .debug_line    0x000067f3       0x7f startup\startup_stm32f303x8.o

.debug_str      0x00000000     0x4482
 .debug_str     0x00000000      0xc1b Drivers\STM32F3xx_HAL_Driver\Src\stm32f3xx_hal.o
                                0xcc2 (size before relaxing)
 .debug_str     0x00000c1b      0x2d8 Drivers\STM32F3xx_HAL_Driver\Src\stm32f3xx_hal_cortex.o
                                0xdb3 (size before relaxing)
 .debug_str     0x00000ef3      0x4a6 Drivers\STM32F3xx_HAL_Driver\Src\stm32f3xx_hal_dac.o
                                0xbdc (size before relaxing)
 .debug_str     0x00001399      0x1c8 Drivers\STM32F3xx_HAL_Driver\Src\stm32f3xx_hal_dac_ex.o
                                0xce5 (size before relaxing)
 .debug_str     0x00001561      0x229 Drivers\STM32F3xx_HAL_Driver\Src\stm32f3xx_hal_dma.o
                                0xb20 (size before relaxing)
 .debug_str     0x0000178a      0x23b Drivers\STM32F3xx_HAL_Driver\Src\stm32f3xx_hal_gpio.o
                                0x9ab (size before relaxing)
 .debug_str     0x000019c5      0x2ad Drivers\STM32F3xx_HAL_Driver\Src\stm32f3xx_hal_opamp.o
                                0xa72 (size before relaxing)
 .debug_str     0x00001c72      0x315 Drivers\STM32F3xx_HAL_Driver\Src\stm32f3xx_hal_rcc.o
                                0xb18 (size before relaxing)
 .debug_str     0x00001f87      0xf6f Drivers\STM32F3xx_HAL_Driver\Src\stm32f3xx_hal_tim.o
                               0x18b5 (size before relaxing)
 .debug_str     0x00002ef6      0x59b Drivers\STM32F3xx_HAL_Driver\Src\stm32f3xx_hal_tim_ex.o
                               0x12e8 (size before relaxing)
 .debug_str     0x00003491      0x926 Drivers\STM32F3xx_HAL_Driver\Src\stm32f3xx_hal_uart.o
                               0x1318 (size before relaxing)
 .debug_str     0x00003db7       0xed Drivers\STM32F3xx_HAL_Driver\Src\stm32f3xx_hal_uart_ex.o
                                0xd31 (size before relaxing)
 .debug_str     0x00003ea4      0x361 Src\IEC60601_1_8.o
                                0xd23 (size before relaxing)
 .debug_str     0x00004205      0x11c Src\main.o
                               0x1a67 (size before relaxing)
 .debug_str     0x00004321       0x25 Src\stm32f3xx_hal_msp.o
                               0x14a3 (size before relaxing)
 .debug_str     0x00004346       0xe2 Src\stm32f3xx_it.o
                                0xe47 (size before relaxing)
 .debug_str     0x00004428       0x5a Src\system_stm32f3xx.o
                                0x795 (size before relaxing)

.comment        0x00000000       0x7c
 .comment       0x00000000       0x7c Drivers\STM32F3xx_HAL_Driver\Src\stm32f3xx_hal.o
                                 0x7d (size before relaxing)
 .comment       0x0000007c       0x7d Drivers\STM32F3xx_HAL_Driver\Src\stm32f3xx_hal_cortex.o
 .comment       0x0000007c       0x7d Drivers\STM32F3xx_HAL_Driver\Src\stm32f3xx_hal_dac.o
 .comment       0x0000007c       0x7d Drivers\STM32F3xx_HAL_Driver\Src\stm32f3xx_hal_dac_ex.o
 .comment       0x0000007c       0x7d Drivers\STM32F3xx_HAL_Driver\Src\stm32f3xx_hal_dma.o
 .comment       0x0000007c       0x7d Drivers\STM32F3xx_HAL_Driver\Src\stm32f3xx_hal_gpio.o
 .comment       0x0000007c       0x7d Drivers\STM32F3xx_HAL_Driver\Src\stm32f3xx_hal_opamp.o
 .comment       0x0000007c       0x7d Drivers\STM32F3xx_HAL_Driver\Src\stm32f3xx_hal_rcc.o
 .comment       0x0000007c       0x7d Drivers\STM32F3xx_HAL_Driver\Src\stm32f3xx_hal_tim.o
 .comment       0x0000007c       0x7d Drivers\STM32F3xx_HAL_Driver\Src\stm32f3xx_hal_tim_ex.o
 .comment       0x0000007c       0x7d Drivers\STM32F3xx_HAL_Driver\Src\stm32f3xx_hal_uart.o
 .comment       0x0000007c       0x7d Drivers\STM32F3xx_HAL_Driver\Src\stm32f3xx_hal_uart_ex.o
 .comment       0x0000007c       0x7d Src\IEC60601_1_8.o
 .comment       0x0000007c       0x7d Src\main.o
 .comment       0x0000007c       0x7d Src\stm32f3xx_hal_msp.o
 .comment       0x0000007c       0x7d Src\stm32f3xx_it.o
 .comment       0x0000007c       0x7d Src\system_stm32f3xx.o

.debug_frame    0x00000000     0x27d8
 .debug_frame   0x00000000      0x1cc Drivers\STM32F3xx_HAL_Driver\Src\stm32f3xx_hal.o
 .debug_frame   0x000001cc      0x12c Drivers\STM32F3xx_HAL_Driver\Src\stm32f3xx_hal_cortex.o
 .debug_frame   0x000002f8      0x15c Drivers\STM32F3xx_HAL_Driver\Src\stm32f3xx_hal_dac.o
 .debug_frame   0x00000454      0x1f4 Drivers\STM32F3xx_HAL_Driver\Src\stm32f3xx_hal_dac_ex.o
 .debug_frame   0x00000648      0x158 Drivers\STM32F3xx_HAL_Driver\Src\stm32f3xx_hal_dma.o
 .debug_frame   0x000007a0       0xe4 Drivers\STM32F3xx_HAL_Driver\Src\stm32f3xx_hal_gpio.o
 .debug_frame   0x00000884      0x130 Drivers\STM32F3xx_HAL_Driver\Src\stm32f3xx_hal_opamp.o
 .debug_frame   0x000009b4      0x178 Drivers\STM32F3xx_HAL_Driver\Src\stm32f3xx_hal_rcc.o
 .debug_frame   0x00000b2c      0x990 Drivers\STM32F3xx_HAL_Driver\Src\stm32f3xx_hal_tim.o
 .debug_frame   0x000014bc      0x45c Drivers\STM32F3xx_HAL_Driver\Src\stm32f3xx_hal_tim_ex.o
 .debug_frame   0x00001918      0x568 Drivers\STM32F3xx_HAL_Driver\Src\stm32f3xx_hal_uart.o
 .debug_frame   0x00001e80       0xb4 Drivers\STM32F3xx_HAL_Driver\Src\stm32f3xx_hal_uart_ex.o
 .debug_frame   0x00001f34      0x184 Src\IEC60601_1_8.o
 .debug_frame   0x000020b8       0xac Src\main.o
 .debug_frame   0x00002164      0x118 Src\stm32f3xx_hal_msp.o
 .debug_frame   0x0000227c       0xf0 Src\stm32f3xx_it.o
 .debug_frame   0x0000236c       0x30 Src\system_stm32f3xx.o
 .debug_frame   0x0000239c       0x2c e:/atolic/truestudio for stm32 9.1.0/armtools/bin/../lib/gcc/arm-atollic-eabi/6.3.1/../../../../arm-atollic-eabi/lib/armv7e-m/fpu\libc_nano.a(lib_a-init.o)
 .debug_frame   0x000023c8       0x2c e:/atolic/truestudio for stm32 9.1.0/armtools/bin/../lib/gcc/arm-atollic-eabi/6.3.1/../../../../arm-atollic-eabi/lib/armv7e-m/fpu\libm.a(lib_a-s_cos.o)
 .debug_frame   0x000023f4       0x2c e:/atolic/truestudio for stm32 9.1.0/armtools/bin/../lib/gcc/arm-atollic-eabi/6.3.1/../../../../arm-atollic-eabi/lib/armv7e-m/fpu\libm.a(lib_a-s_sin.o)
 .debug_frame   0x00002420       0x40 e:/atolic/truestudio for stm32 9.1.0/armtools/bin/../lib/gcc/arm-atollic-eabi/6.3.1/../../../../arm-atollic-eabi/lib/armv7e-m/fpu\libm.a(lib_a-e_rem_pio2.o)
 .debug_frame   0x00002460       0x40 e:/atolic/truestudio for stm32 9.1.0/armtools/bin/../lib/gcc/arm-atollic-eabi/6.3.1/../../../../arm-atollic-eabi/lib/armv7e-m/fpu\libm.a(lib_a-k_cos.o)
 .debug_frame   0x000024a0       0x54 e:/atolic/truestudio for stm32 9.1.0/armtools/bin/../lib/gcc/arm-atollic-eabi/6.3.1/../../../../arm-atollic-eabi/lib/armv7e-m/fpu\libm.a(lib_a-k_rem_pio2.o)
 .debug_frame   0x000024f4       0x40 e:/atolic/truestudio for stm32 9.1.0/armtools/bin/../lib/gcc/arm-atollic-eabi/6.3.1/../../../../arm-atollic-eabi/lib/armv7e-m/fpu\libm.a(lib_a-k_sin.o)
 .debug_frame   0x00002534       0x20 e:/atolic/truestudio for stm32 9.1.0/armtools/bin/../lib/gcc/arm-atollic-eabi/6.3.1/../../../../arm-atollic-eabi/lib/armv7e-m/fpu\libm.a(lib_a-s_fabs.o)
 .debug_frame   0x00002554       0x30 e:/atolic/truestudio for stm32 9.1.0/armtools/bin/../lib/gcc/arm-atollic-eabi/6.3.1/../../../../arm-atollic-eabi/lib/armv7e-m/fpu\libm.a(lib_a-s_floor.o)
 .debug_frame   0x00002584       0x2c e:/atolic/truestudio for stm32 9.1.0/armtools/bin/../lib/gcc/arm-atollic-eabi/6.3.1/../../../../arm-atollic-eabi/lib/armv7e-m/fpu\libm.a(lib_a-s_scalbn.o)
 .debug_frame   0x000025b0       0x20 e:/atolic/truestudio for stm32 9.1.0/armtools/bin/../lib/gcc/arm-atollic-eabi/6.3.1/../../../../arm-atollic-eabi/lib/armv7e-m/fpu\libm.a(lib_a-s_copysign.o)
 .debug_frame   0x000025d0       0xac e:/atolic/truestudio for stm32 9.1.0/armtools/bin/../lib/gcc/arm-atollic-eabi/6.3.1/armv7e-m/fpu\libgcc.a(_arm_addsubdf3.o)
 .debug_frame   0x0000267c       0x50 e:/atolic/truestudio for stm32 9.1.0/armtools/bin/../lib/gcc/arm-atollic-eabi/6.3.1/armv7e-m/fpu\libgcc.a(_arm_muldivdf3.o)
 .debug_frame   0x000026cc       0xc4 e:/atolic/truestudio for stm32 9.1.0/armtools/bin/../lib/gcc/arm-atollic-eabi/6.3.1/armv7e-m/fpu\libgcc.a(_arm_cmpdf2.o)
 .debug_frame   0x00002790       0x24 e:/atolic/truestudio for stm32 9.1.0/armtools/bin/../lib/gcc/arm-atollic-eabi/6.3.1/armv7e-m/fpu\libgcc.a(_arm_fixdfsi.o)
 .debug_frame   0x000027b4       0x24 e:/atolic/truestudio for stm32 9.1.0/armtools/bin/../lib/gcc/arm-atollic-eabi/6.3.1/armv7e-m/fpu\libgcc.a(_arm_truncdfsf2.o)
