Archive member included to satisfy reference by file (symbol)

e:/atolic/truestudio for stm32 9.1.0/armtools/bin/../lib/gcc/arm-atollic-eabi/6.3.1/../../../../arm-atollic-eabi/lib/armv7e-m/fpu\libc_nano.a(lib_a-init.o)
                              startup\startup_stm32f303x8.o (__libc_init_array)
e:/atolic/truestudio for stm32 9.1.0/armtools/bin/../lib/gcc/arm-atollic-eabi/6.3.1/../../../../arm-atollic-eabi/lib/armv7e-m/fpu\libm.a(lib_a-s_cos.o)
                              Src\IEC601601_1_8.o (cos)
e:/atolic/truestudio for stm32 9.1.0/armtools/bin/../lib/gcc/arm-atollic-eabi/6.3.1/../../../../arm-atollic-eabi/lib/armv7e-m/fpu\libm.a(lib_a-s_sin.o)
                              Src\IEC601601_1_8.o (sin)
e:/atolic/truestudio for stm32 9.1.0/armtools/bin/../lib/gcc/arm-atollic-eabi/6.3.1/../../../../arm-atollic-eabi/lib/armv7e-m/fpu\libm.a(lib_a-e_rem_pio2.o)
                              e:/atolic/truestudio for stm32 9.1.0/armtools/bin/../lib/gcc/arm-atollic-eabi/6.3.1/../../../../arm-atollic-eabi/lib/armv7e-m/fpu\libm.a(lib_a-s_cos.o) (__ieee754_rem_pio2)
e:/atolic/truestudio for stm32 9.1.0/armtools/bin/../lib/gcc/arm-atollic-eabi/6.3.1/../../../../arm-atollic-eabi/lib/armv7e-m/fpu\libm.a(lib_a-k_cos.o)
                              e:/atolic/truestudio for stm32 9.1.0/armtools/bin/../lib/gcc/arm-atollic-eabi/6.3.1/../../../../arm-atollic-eabi/lib/armv7e-m/fpu\libm.a(lib_a-s_cos.o) (__kernel_cos)
e:/atolic/truestudio for stm32 9.1.0/armtools/bin/../lib/gcc/arm-atollic-eabi/6.3.1/../../../../arm-atollic-eabi/lib/armv7e-m/fpu\libm.a(lib_a-k_rem_pio2.o)
                              e:/atolic/truestudio for stm32 9.1.0/armtools/bin/../lib/gcc/arm-atollic-eabi/6.3.1/../../../../arm-atollic-eabi/lib/armv7e-m/fpu\libm.a(lib_a-e_rem_pio2.o) (__kernel_rem_pio2)
e:/atolic/truestudio for stm32 9.1.0/armtools/bin/../lib/gcc/arm-atollic-eabi/6.3.1/../../../../arm-atollic-eabi/lib/armv7e-m/fpu\libm.a(lib_a-k_sin.o)
                              e:/atolic/truestudio for stm32 9.1.0/armtools/bin/../lib/gcc/arm-atollic-eabi/6.3.1/../../../../arm-atollic-eabi/lib/armv7e-m/fpu\libm.a(lib_a-s_cos.o) (__kernel_sin)
e:/atolic/truestudio for stm32 9.1.0/armtools/bin/../lib/gcc/arm-atollic-eabi/6.3.1/../../../../arm-atollic-eabi/lib/armv7e-m/fpu\libm.a(lib_a-s_fabs.o)
                              e:/atolic/truestudio for stm32 9.1.0/armtools/bin/../lib/gcc/arm-atollic-eabi/6.3.1/../../../../arm-atollic-eabi/lib/armv7e-m/fpu\libm.a(lib_a-e_rem_pio2.o) (fabs)
e:/atolic/truestudio for stm32 9.1.0/armtools/bin/../lib/gcc/arm-atollic-eabi/6.3.1/../../../../arm-atollic-eabi/lib/armv7e-m/fpu\libm.a(lib_a-s_floor.o)
                              e:/atolic/truestudio for stm32 9.1.0/armtools/bin/../lib/gcc/arm-atollic-eabi/6.3.1/../../../../arm-atollic-eabi/lib/armv7e-m/fpu\libm.a(lib_a-k_rem_pio2.o) (floor)
e:/atolic/truestudio for stm32 9.1.0/armtools/bin/../lib/gcc/arm-atollic-eabi/6.3.1/../../../../arm-atollic-eabi/lib/armv7e-m/fpu\libm.a(lib_a-s_scalbn.o)
                              e:/atolic/truestudio for stm32 9.1.0/armtools/bin/../lib/gcc/arm-atollic-eabi/6.3.1/../../../../arm-atollic-eabi/lib/armv7e-m/fpu\libm.a(lib_a-k_rem_pio2.o) (scalbn)
e:/atolic/truestudio for stm32 9.1.0/armtools/bin/../lib/gcc/arm-atollic-eabi/6.3.1/../../../../arm-atollic-eabi/lib/armv7e-m/fpu\libm.a(lib_a-s_copysign.o)
                              e:/atolic/truestudio for stm32 9.1.0/armtools/bin/../lib/gcc/arm-atollic-eabi/6.3.1/../../../../arm-atollic-eabi/lib/armv7e-m/fpu\libm.a(lib_a-s_scalbn.o) (copysign)
e:/atolic/truestudio for stm32 9.1.0/armtools/bin/../lib/gcc/arm-atollic-eabi/6.3.1/armv7e-m/fpu\libgcc.a(_arm_addsubdf3.o)
                              e:/atolic/truestudio for stm32 9.1.0/armtools/bin/../lib/gcc/arm-atollic-eabi/6.3.1/../../../../arm-atollic-eabi/lib/armv7e-m/fpu\libm.a(lib_a-s_cos.o) (__aeabi_dsub)
e:/atolic/truestudio for stm32 9.1.0/armtools/bin/../lib/gcc/arm-atollic-eabi/6.3.1/armv7e-m/fpu\libgcc.a(_arm_muldivdf3.o)
                              Src\IEC601601_1_8.o (__aeabi_dmul)
e:/atolic/truestudio for stm32 9.1.0/armtools/bin/../lib/gcc/arm-atollic-eabi/6.3.1/armv7e-m/fpu\libgcc.a(_arm_cmpdf2.o)
                              e:/atolic/truestudio for stm32 9.1.0/armtools/bin/../lib/gcc/arm-atollic-eabi/6.3.1/../../../../arm-atollic-eabi/lib/armv7e-m/fpu\libm.a(lib_a-e_rem_pio2.o) (__aeabi_dcmpeq)
e:/atolic/truestudio for stm32 9.1.0/armtools/bin/../lib/gcc/arm-atollic-eabi/6.3.1/armv7e-m/fpu\libgcc.a(_arm_fixdfsi.o)
                              Src\IEC601601_1_8.o (__aeabi_d2iz)
e:/atolic/truestudio for stm32 9.1.0/armtools/bin/../lib/gcc/arm-atollic-eabi/6.3.1/armv7e-m/fpu\libgcc.a(_arm_truncdfsf2.o)
                              Src\IEC601601_1_8.o (__aeabi_d2f)

Allocating common symbols
Common symbol       size              file

hopamp2             0x34              Src\main.o
hdac1               0x14              Src\main.o
htim15              0x40              Src\main.o
[...]
Memory Configuration

Name             Origin             Length             Attributes
RAM              0x20000000         0x00003000         xrw
CCMRAM           0x10000000         0x00001000         rw
FLASH            0x08000000         0x00010000         xr
*default*        0x00000000         0xffffffff

Linker script and memory map

LOAD e:/atolic/truestudio for stm32 9.1.0/armtools/bin/../lib/gcc/arm-atollic-eabi/6.3.1/armv7e-m/fpu/crti.o
LOAD e:/atolic/truestudio for stm32 9.1.0/armtools/bin/../lib/gcc/arm-atollic-eabi/6.3.1/armv7e-m/fpu/crtbegin.o
LOAD Drivers\STM32F3xx_HAL_Driver\Src\stm32f3xx_hal.o
LOAD Drivers\STM32F3xx_HAL_Driver\Src\stm32f3xx_hal_cortex.o
LOAD Drivers\STM32F3xx_HAL_Driver\Src\stm32f3xx_hal_dac.o
LOAD Drivers\STM32F3xx_HAL_Driver\Src\stm32f3xx_hal_dac_ex.o
LOAD Drivers\STM32F3xx_HAL_Driver\Src\stm32f3xx_hal_dma.o
LOAD Drivers\STM32F3xx_HAL_Driver\Src\stm32f3xx_hal_flash.o
LOAD Drivers\STM32F3xx_HAL_Driver\Src\stm32f3xx_hal_flash_ex.o
LOAD Drivers\STM32F3xx_HAL_Driver\Src\stm32f3xx_hal_gpio.o
LOAD Drivers\STM32F3xx_HAL_Driver\Src\stm32f3xx_hal_i2c.o
LOAD Drivers\STM32F3xx_HAL_Driver\Src\stm32f3xx_hal_i2c_ex.o
LOAD Drivers\STM32F3xx_HAL_Driver\Src\stm32f3xx_hal_opamp.o
LOAD Drivers\STM32F3xx_HAL_Driver\Src\stm32f3xx_hal_opamp_ex.o
LOAD Drivers\STM32F3xx_HAL_Driver\Src\stm32f3xx_hal_pwr.o
LOAD Drivers\STM32F3xx_HAL_Driver\Src\stm32f3xx_hal_pwr_ex.o
LOAD Drivers\STM32F3xx_HAL_Driver\Src\stm32f3xx_hal_rcc.o
LOAD Drivers\STM32F3xx_HAL_Driver\Src\stm32f3xx_hal_rcc_ex.o
LOAD Drivers\STM32F3xx_HAL_Driver\Src\stm32f3xx_hal_tim.o
LOAD Drivers\STM32F3xx_HAL_Driver\Src\stm32f3xx_hal_tim_ex.o
LOAD Drivers\STM32F3xx_HAL_Driver\Src\stm32f3xx_hal_uart.o
LOAD Drivers\STM32F3xx_HAL_Driver\Src\stm32f3xx_hal_uart_ex.o
LOAD Src\IEC601601_1_8.o
LOAD Src\main.o
LOAD Src\stm32f3xx_hal_msp.o
LOAD Src\stm32f3xx_it.o
LOAD Src\system_stm32f3xx.o
LOAD startup\startup_stm32f303x8.o
                0x00000080                malloc_getpagesize_P = 0x80
START GROUP
LOAD e:/atolic/truestudio for stm32 9.1.0/armtools/bin/../lib/gcc/arm-atollic-eabi/6.3.1/../../../../arm-atollic-eabi/lib/armv7e-m/fpu\libc_nano.a
LOAD e:/atolic/truestudio for stm32 9.1.0/armtools/bin/../lib/gcc/arm-atollic-eabi/6.3.1/../../../../arm-atollic-eabi/lib/armv7e-m/fpu\libm.a
END GROUP
START GROUP
LOAD e:/atolic/truestudio for stm32 9.1.0/armtools/bin/../lib/gcc/arm-atollic-eabi/6.3.1/armv7e-m/fpu\libgcc.a
LOAD e:/atolic/truestudio for stm32 9.1.0/armtools/bin/../lib/gcc/arm-atollic-eabi/6.3.1/../../../../arm-atollic-eabi/lib/armv7e-m/fpu\libc_nano.a
END GROUP
START GROUP
LOAD e:/atolic/truestudio for stm32 9.1.0/armtools/bin/../lib/gcc/arm-atollic-eabi/6.3.1/armv7e-m/fpu\libgcc.a
LOAD e:/atolic/truestudio for stm32 9.1.0/armtools/bin/../lib/gcc/arm-atollic-eabi/6.3.1/../../../../arm-atollic-eabi/lib/armv7e-m/fpu\libc_nano.a
LOAD e:/atolic/truestudio for stm32 9.1.0/armtools/bin/../lib/gcc/arm-atollic-eabi/6.3.1/../../../../arm-atollic-eabi/lib/armv7e-m/fpu\libnosys.a
END GROUP
START GROUP
LOAD e:/atolic/truestudio for stm32 9.1.0/armtools/bin/../lib/gcc/arm-atollic-eabi/6.3.1/armv7e-m/fpu\libgcc.a
LOAD e:/atolic/truestudio for stm32 9.1.0/armtools/bin/../lib/gcc/arm-atollic-eabi/6.3.1/../../../../arm-atollic-eabi/lib/armv7e-m/fpu\libc_nano.a
LOAD e:/atolic/truestudio for stm32 9.1.0/armtools/bin/../lib/gcc/arm-atollic-eabi/6.3.1/../../../../arm-atollic-eabi/lib/armv7e-m/fpu\libnosys.a
END GROUP
LOAD e:/atolic/truestudio for stm32 9.1.0/armtools/bin/../lib/gcc/arm-atollic-eabi/6.3.1/armv7e-m/fpu/crtend.o
LOAD e:/atolic/truestudio for stm32 9.1.0/armtools/bin/../lib/gcc/arm-atollic-eabi/6.3.1/armv7e-m/fpu/crtn.o
                0x20003000                _estack = 0x20003000
                0x00000200                _Min_Heap_Size = 0x200
                0x00000400                _Min_Stack_Size = 0x400

.isr_vector     0x08000000      0x188
                0x08000000                . = ALIGN (0x4)
 *(.isr_vector)
 .isr_vector    0x08000000      0x188 startup\startup_stm32f303x8.o
                0x08000000                g_pfnVectors
                0x08000188                . = ALIGN (0x4)

.text           0x08000188     0x4738
                0x08000188                . = ALIGN (0x4)
 *(.text)
 .text          0x08000188       0x40 e:/atolic/truestudio for stm32 9.1.0/armtools/bin/../lib/gcc/arm-atollic-eabi/6.3.1/armv7e-m/fpu/crtbegin.o
 .text          0x080001c8      0x370 e:/atolic/truestudio for stm32 9.1.0/armtools/bin/../lib/gcc/arm-atollic-eabi/6.3.1/armv7e-m/fpu\libgcc.a(_arm_addsubdf3.o)
                0x080001c8                __aeabi_drsub
                0x080001d0                __aeabi_dsub
                0x080001d0                __subdf3
                0x080001d4                __aeabi_dadd
                0x080001d4                __adddf3
                0x0800044c                __floatunsidf
                0x0800044c                __aeabi_ui2d
                0x0800046c                __floatsidf
                0x0800046c                __aeabi_i2d
                0x08000490                __aeabi_f2d
                0x08000490                __extendsfdf2
                0x080004cc                __floatundidf
                0x080004cc                __aeabi_ul2d
                0x080004dc                __floatdidf
                0x080004dc                __aeabi_l2d
 .text          0x08000538      0x424 e:/atolic/truestudio for stm32 9.1.0/armtools/bin/../lib/gcc/arm-atollic-eabi/6.3.1/armv7e-m/fpu\libgcc.a(_arm_muldivdf3.o)
                0x08000538                __aeabi_dmul
                0x08000538                __muldf3
                0x0800078c                __divdf3
                0x0800078c                __aeabi_ddiv
 .text          0x0800095c      0x110 e:/atolic/truestudio for stm32 9.1.0/armtools/bin/../lib/gcc/arm-atollic-eabi/6.3.1/armv7e-m/fpu\libgcc.a(_arm_cmpdf2.o)
                0x0800095c                __gtdf2
                0x0800095c                __gedf2
                0x08000964                __ltdf2
                0x08000964                __ledf2
                0x0800096c                __nedf2
                0x0800096c                __eqdf2
                0x0800096c                __cmpdf2
                0x080009e8                __aeabi_cdrcmple
                0x080009f8                __aeabi_cdcmpeq
                0x080009f8                __aeabi_cdcmple
                0x08000a08                __aeabi_dcmpeq
                0x08000a1c                __aeabi_dcmplt
                0x08000a30                __aeabi_dcmple
                0x08000a44                __aeabi_dcmpge
                0x08000a58                __aeabi_dcmpgt
 .text          0x08000a6c       0x50 e:/atolic/truestudio for stm32 9.1.0/armtools/bin/../lib/gcc/arm-atollic-eabi/6.3.1/armv7e-m/fpu\libgcc.a(_arm_fixdfsi.o)
                0x08000a6c                __aeabi_d2iz
                0x08000a6c                __fixdfsi
 .text          0x08000abc       0xa0 e:/atolic/truestudio for stm32 9.1.0/armtools/bin/../lib/gcc/arm-atollic-eabi/6.3.1/armv7e-m/fpu\libgcc.a(_arm_truncdfsf2.o)
                0x08000abc                __truncdfsf2
                0x08000abc                __aeabi_d2f
 *(.text*)
 .text.HAL_InitTick
                0x08000b5c       0x4c Drivers\STM32F3xx_HAL_Driver\Src\stm32f3xx_hal.o
                0x08000b5c                HAL_InitTick
 .text.HAL_Init
                0x08000ba8       0x24 Drivers\STM32F3xx_HAL_Driver\Src\stm32f3xx_hal.o
                0x08000ba8                HAL_Init
 .text.HAL_IncTick
                0x08000bcc       0x18 Drivers\STM32F3xx_HAL_Driver\Src\stm32f3xx_hal.o
                0x08000bcc                HAL_IncTick
 .text.HAL_GetTick
                0x08000be4        0xc Drivers\STM32F3xx_HAL_Driver\Src\stm32f3xx_hal.o
                0x08000be4                HAL_GetTick
 .text.HAL_Delay
                0x08000bf0       0x28 Drivers\STM32F3xx_HAL_Driver\Src\stm32f3xx_hal.o
                0x08000bf0                HAL_Delay
 .text.HAL_NVIC_SetPriorityGrouping
                0x08000c18       0x24 Drivers\STM32F3xx_HAL_Driver\Src\stm32f3xx_hal_cortex.o
                0x08000c18                HAL_NVIC_SetPriorityGrouping
 .text.HAL_NVIC_SetPriority
                0x08000c3c       0x60 Drivers\STM32F3xx_HAL_Driver\Src\stm32f3xx_hal_cortex.o
                0x08000c3c                HAL_NVIC_SetPriority
 .text.HAL_NVIC_EnableIRQ
                0x08000c9c       0x18 Drivers\STM32F3xx_HAL_Driver\Src\stm32f3xx_hal_cortex.o
                0x08000c9c                HAL_NVIC_EnableIRQ
 .text.HAL_SYSTICK_Config
                0x08000cb4       0x2c Drivers\STM32F3xx_HAL_Driver\Src\stm32f3xx_hal_cortex.o
                0x08000cb4                HAL_SYSTICK_Config
 .text.HAL_SYSTICK_CLKSourceConfig
                0x08000ce0       0x18 Drivers\STM32F3xx_HAL_Driver\Src\stm32f3xx_hal_cortex.o
                0x08000ce0                HAL_SYSTICK_CLKSourceConfig
 .text.HAL_SYSTICK_Callback
                0x08000cf8        0x2 Drivers\STM32F3xx_HAL_Driver\Src\stm32f3xx_hal_cortex.o
                0x08000cf8                HAL_SYSTICK_Callback
 .text.HAL_SYSTICK_IRQHandler
                0x08000cfa        0x8 Drivers\STM32F3xx_HAL_Driver\Src\stm32f3xx_hal_cortex.o
                0x08000cfa                HAL_SYSTICK_IRQHandler
 .text.HAL_DAC_DMAUnderrunCallbackCh1
                0x08000d02        0x2 Drivers\STM32F3xx_HAL_Driver\Src\stm32f3xx_hal_dac.o
                0x08000d02                HAL_DAC_DMAUnderrunCallbackCh1
 .text.HAL_DAC_SetValue
                0x08000d04       0x2e Drivers\STM32F3xx_HAL_Driver\Src\stm32f3xx_hal_dac_ex.o
                0x08000d04                HAL_DAC_SetValue
 .text.HAL_DAC_Start
                0x08000d32       0x5e Drivers\STM32F3xx_HAL_Driver\Src\stm32f3xx_hal_dac_ex.o
                0x08000d32                HAL_DAC_Start
 .text.HAL_DACEx_DMAUnderrunCallbackCh2
                0x08000d90        0x2 Drivers\STM32F3xx_HAL_Driver\Src\stm32f3xx_hal_dac_ex.o
                0x08000d90                HAL_DACEx_DMAUnderrunCallbackCh2
 .text.HAL_DAC_IRQHandler
                0x08000d92       0x70 Drivers\STM32F3xx_HAL_Driver\Src\stm32f3xx_hal_dac_ex.o
                0x08000d92                HAL_DAC_IRQHandler
 .text.HAL_DMA_Abort_IT
                0x08000e02       0x4a Drivers\STM32F3xx_HAL_Driver\Src\stm32f3xx_hal_dma.o
                0x08000e02                HAL_DMA_Abort_IT
 .text.HAL_DMA_IRQHandler
                0x08000e4c       0xb2 Drivers\STM32F3xx_HAL_Driver\Src\stm32f3xx_hal_dma.o
                0x08000e4c                HAL_DMA_IRQHandler
 *fill*         0x08000efe        0x2 
 .text.HAL_GPIO_Init
                0x08000f00      0x190 Drivers\STM32F3xx_HAL_Driver\Src\stm32f3xx_hal_gpio.o
                0x08000f00                HAL_GPIO_Init
 .text.HAL_GPIO_WritePin
                0x08001090        0xa Drivers\STM32F3xx_HAL_Driver\Src\stm32f3xx_hal_gpio.o
                0x08001090                HAL_GPIO_WritePin
 .text.HAL_GPIO_TogglePin
                0x0800109a        0x8 Drivers\STM32F3xx_HAL_Driver\Src\stm32f3xx_hal_gpio.o
                0x0800109a                HAL_GPIO_TogglePin
 *fill*         0x080010a2        0x2 
 .text.HAL_OPAMP_Init
                0x080010a4       0xe0 Drivers\STM32F3xx_HAL_Driver\Src\stm32f3xx_hal_opamp.o
                0x080010a4                HAL_OPAMP_Init
 .text.HAL_OPAMP_Start
                0x08001184       0x36 Drivers\STM32F3xx_HAL_Driver\Src\stm32f3xx_hal_opamp.o
                0x08001184                HAL_OPAMP_Start
 .text.HAL_OPAMP_SelfCalibrate
                0x080011ba      0x178 Drivers\STM32F3xx_HAL_Driver\Src\stm32f3xx_hal_opamp.o
                0x080011ba                HAL_OPAMP_SelfCalibrate
 *fill*         0x08001332        0x2 
 .text.HAL_RCC_OscConfig
                0x08001334      0x5f8 Drivers\STM32F3xx_HAL_Driver\Src\stm32f3xx_hal_rcc.o
                0x08001334                HAL_RCC_OscConfig
 .text.HAL_RCC_MCOConfig
                0x0800192c       0x50 Drivers\STM32F3xx_HAL_Driver\Src\stm32f3xx_hal_rcc.o
                0x0800192c                HAL_RCC_MCOConfig
 .text.HAL_RCC_GetSysClockFreq
                0x0800197c       0x68 Drivers\STM32F3xx_HAL_Driver\Src\stm32f3xx_hal_rcc.o
                0x0800197c                HAL_RCC_GetSysClockFreq
 .text.HAL_RCC_ClockConfig
                0x080019e4      0x1b0 Drivers\STM32F3xx_HAL_Driver\Src\stm32f3xx_hal_rcc.o
                0x080019e4                HAL_RCC_ClockConfig
 .text.HAL_RCC_GetHCLKFreq
                0x08001b94        0xc Drivers\STM32F3xx_HAL_Driver\Src\stm32f3xx_hal_rcc.o
                0x08001b94                HAL_RCC_GetHCLKFreq
 .text.HAL_RCC_GetPCLK1Freq
                0x08001ba0       0x30 Drivers\STM32F3xx_HAL_Driver\Src\stm32f3xx_hal_rcc.o
                0x08001ba0                HAL_RCC_GetPCLK1Freq
 .text.HAL_TIM_Base_Start
                0x08001bd0       0x1a Drivers\STM32F3xx_HAL_Driver\Src\stm32f3xx_hal_tim.o
                0x08001bd0                HAL_TIM_Base_Start
 .text.HAL_TIM_OC_MspInit
                0x08001bea        0x2 Drivers\STM32F3xx_HAL_Driver\Src\stm32f3xx_hal_tim.o
                0x08001bea                HAL_TIM_OC_MspInit
 .text.HAL_TIM_PeriodElapsedCallback
                0x08001bec        0x2 Drivers\STM32F3xx_HAL_Driver\Src\stm32f3xx_hal_tim.o
                0x08001bec                HAL_TIM_PeriodElapsedCallback
 .text.HAL_TIM_OC_DelayElapsedCallback
                0x08001bee        0x2 Drivers\STM32F3xx_HAL_Driver\Src\stm32f3xx_hal_tim.o
                0x08001bee                HAL_TIM_OC_DelayElapsedCallback
 .text.HAL_TIM_IC_CaptureCallback
                0x08001bf0        0x2 Drivers\STM32F3xx_HAL_Driver\Src\stm32f3xx_hal_tim.o
                0x08001bf0                HAL_TIM_IC_CaptureCallback
 .text.HAL_TIM_PWM_PulseFinishedCallback
                0x08001bf2        0x2 Drivers\STM32F3xx_HAL_Driver\Src\stm32f3xx_hal_tim.o
                0x08001bf2                HAL_TIM_PWM_PulseFinishedCallback
 .text.HAL_TIM_TriggerCallback
                0x08001bf4        0x2 Drivers\STM32F3xx_HAL_Driver\Src\stm32f3xx_hal_tim.o
                0x08001bf4                HAL_TIM_TriggerCallback
 .text.HAL_TIM_IRQHandler
                0x08001bf6      0x19a Drivers\STM32F3xx_HAL_Driver\Src\stm32f3xx_hal_tim.o
                0x08001bf6                HAL_TIM_IRQHandler
 .text.TIM_Base_SetConfig
                0x08001d90       0xf8 Drivers\STM32F3xx_HAL_Driver\Src\stm32f3xx_hal_tim.o
                0x08001d90                TIM_Base_SetConfig
 .text.HAL_TIM_Base_Init
                0x08001e88       0x32 Drivers\STM32F3xx_HAL_Driver\Src\stm32f3xx_hal_tim.o
                0x08001e88                HAL_TIM_Base_Init
 .text.HAL_TIM_OC_Init
                0x08001eba       0x32 Drivers\STM32F3xx_HAL_Driver\Src\stm32f3xx_hal_tim.o
                0x08001eba                HAL_TIM_OC_Init
 .text.TIM_OC1_SetConfig
                0x08001eec       0x98 Drivers\STM32F3xx_HAL_Driver\Src\stm32f3xx_hal_tim.o
                0x08001eec                TIM_OC1_SetConfig
 .text.TIM_OC2_SetConfig
                0x08001f84       0x7c Drivers\STM32F3xx_HAL_Driver\Src\stm32f3xx_hal_tim.o
                0x08001f84                TIM_OC2_SetConfig
 .text.TIM_OC3_SetConfig
                0x08002000       0x78 Drivers\STM32F3xx_HAL_Driver\Src\stm32f3xx_hal_tim.o
                0x08002000                TIM_OC3_SetConfig
 .text.TIM_OC4_SetConfig
                0x08002078       0x64 Drivers\STM32F3xx_HAL_Driver\Src\stm32f3xx_hal_tim.o
                0x08002078                TIM_OC4_SetConfig
 .text.TIM_ETR_SetConfig
                0x080020dc       0x18 Drivers\STM32F3xx_HAL_Driver\Src\stm32f3xx_hal_tim.o
                0x080020dc                TIM_ETR_SetConfig
 .text.HAL_TIM_ConfigClockSource
                0x080020f4      0x194 Drivers\STM32F3xx_HAL_Driver\Src\stm32f3xx_hal_tim.o
                0x080020f4                HAL_TIM_ConfigClockSource
 .text.TIM_CCxChannelCmd
                0x08002288       0x1c Drivers\STM32F3xx_HAL_Driver\Src\stm32f3xx_hal_tim.o
                0x08002288                TIM_CCxChannelCmd
 .text.HAL_TIM_OC_Start
                0x080022a4       0x48 Drivers\STM32F3xx_HAL_Driver\Src\stm32f3xx_hal_tim.o
                0x080022a4                HAL_TIM_OC_Start
 .text.TIM_OC5_SetConfig
                0x080022ec       0x60 Drivers\STM32F3xx_HAL_Driver\Src\stm32f3xx_hal_tim_ex.o
 .text.TIM_OC6_SetConfig
                0x0800234c       0x64 Drivers\STM32F3xx_HAL_Driver\Src\stm32f3xx_hal_tim_ex.o
 .text.HAL_TIM_OC_ConfigChannel
                0x080023b0       0x76 Drivers\STM32F3xx_HAL_Driver\Src\stm32f3xx_hal_tim_ex.o
                0x080023b0                HAL_TIM_OC_ConfigChannel
 *fill*         0x08002426        0x2 
 .text.HAL_TIMEx_MasterConfigSynchronization
                0x08002428       0x50 Drivers\STM32F3xx_HAL_Driver\Src\stm32f3xx_hal_tim_ex.o
                0x08002428                HAL_TIMEx_MasterConfigSynchronization
 .text.HAL_TIMEx_ConfigBreakDeadTime
                0x08002478       0x88 Drivers\STM32F3xx_HAL_Driver\Src\stm32f3xx_hal_tim_ex.o
                0x08002478                HAL_TIMEx_ConfigBreakDeadTime
 .text.HAL_TIMEx_CommutationCallback
                0x08002500        0x2 Drivers\STM32F3xx_HAL_Driver\Src\stm32f3xx_hal_tim_ex.o
                0x08002500                HAL_TIMEx_CommutationCallback
 .text.HAL_TIMEx_BreakCallback
                0x08002502        0x2 Drivers\STM32F3xx_HAL_Driver\Src\stm32f3xx_hal_tim_ex.o
                0x08002502                HAL_TIMEx_BreakCallback
 .text.HAL_TIMEx_Break2Callback
                0x08002504        0x2 Drivers\STM32F3xx_HAL_Driver\Src\stm32f3xx_hal_tim_ex.o
                0x08002504                HAL_TIMEx_Break2Callback
 .text.UART_EndRxTransfer
                0x08002506       0x1c Drivers\STM32F3xx_HAL_Driver\Src\stm32f3xx_hal_uart.o
 .text.HAL_UART_TxCpltCallback
                0x08002522        0x2 Drivers\STM32F3xx_HAL_Driver\Src\stm32f3xx_hal_uart.o
                0x08002522                HAL_UART_TxCpltCallback
 .text.HAL_UART_RxCpltCallback
                0x08002524        0x2 Drivers\STM32F3xx_HAL_Driver\Src\stm32f3xx_hal_uart.o
                0x08002524                HAL_UART_RxCpltCallback
 .text.HAL_UART_ErrorCallback
                0x08002526        0x2 Drivers\STM32F3xx_HAL_Driver\Src\stm32f3xx_hal_uart.o
                0x08002526                HAL_UART_ErrorCallback
 .text.UART_DMAAbortOnError
                0x08002528       0x14 Drivers\STM32F3xx_HAL_Driver\Src\stm32f3xx_hal_uart.o
 .text.UART_SetConfig
                0x0800253c      0x184 Drivers\STM32F3xx_HAL_Driver\Src\stm32f3xx_hal_uart.o
                0x0800253c                UART_SetConfig
 .text.UART_AdvFeatureConfig
                0x080026c0       0xca Drivers\STM32F3xx_HAL_Driver\Src\stm32f3xx_hal_uart.o
                0x080026c0                UART_AdvFeatureConfig
 .text.UART_WaitOnFlagUntilTimeout
                0x0800278a       0x64 Drivers\STM32F3xx_HAL_Driver\Src\stm32f3xx_hal_uart.o
                0x0800278a                UART_WaitOnFlagUntilTimeout
 .text.UART_CheckIdleState
                0x080027ee       0x70 Drivers\STM32F3xx_HAL_Driver\Src\stm32f3xx_hal_uart.o
                0x080027ee                UART_CheckIdleState
 .text.HAL_UART_Init
                0x0800285e       0x68 Drivers\STM32F3xx_HAL_Driver\Src\stm32f3xx_hal_uart.o
                0x0800285e                HAL_UART_Init
 .text.UART_Transmit_IT
                0x080028c6       0x6c Drivers\STM32F3xx_HAL_Driver\Src\stm32f3xx_hal_uart.o
                0x080028c6                UART_Transmit_IT
 .text.UART_EndTransmit_IT
                0x08002932       0x1a Drivers\STM32F3xx_HAL_Driver\Src\stm32f3xx_hal_uart.o
                0x08002932                UART_EndTransmit_IT
 .text.UART_Receive_IT
                0x0800294c       0x7e Drivers\STM32F3xx_HAL_Driver\Src\stm32f3xx_hal_uart.o
                0x0800294c                UART_Receive_IT
 *fill*         0x080029ca        0x2 
 .text.HAL_UART_IRQHandler
                0x080029cc      0x168 Drivers\STM32F3xx_HAL_Driver\Src\stm32f3xx_hal_uart.o
                0x080029cc                HAL_UART_IRQHandler
 .text.HAL_UARTEx_WakeupCallback
                0x08002b34        0x2 Drivers\STM32F3xx_HAL_Driver\Src\stm32f3xx_hal_uart_ex.o
                0x08002b34                HAL_UARTEx_WakeupCallback
 *fill*         0x08002b36        0x2 
 .text.IEC60601_TurnOnAlarm
                0x08002b38       0x28 Src\IEC601601_1_8.o
                0x08002b38                IEC60601_TurnOnAlarm
 .text.IEC60601_InitSequencer
                0x08002b60       0x14 Src\IEC601601_1_8.o
                0x08002b60                IEC60601_InitSequencer
 .text.IEC60601_TurnOnNote
                0x08002b74       0x20 Src\IEC601601_1_8.o
                0x08002b74                IEC60601_TurnOnNote
 .text.IEC60601_HighPriSequence
                0x08002b94      0x174 Src\IEC601601_1_8.o
                0x08002b94                IEC60601_HighPriSequence
 .text.IEC60601_MedPriSequence
                0x08002d08       0xd0 Src\IEC601601_1_8.o
                0x08002d08                IEC60601_MedPriSequence
 .text.IEC60601_LowPriSequence
                0x08002dd8       0xa0 Src\IEC601601_1_8.o
                0x08002dd8                IEC60601_LowPriSequence
 .text.IEC60601_TestSequence
                0x08002e78       0x5c Src\IEC601601_1_8.o
                0x08002e78                IEC60601_TestSequence
 .text.IEC60601_EnvelopeControl
                0x08002ed4       0x74 Src\IEC601601_1_8.o
                0x08002ed4                IEC60601_EnvelopeControl
 .text.IEC60601_InitToneCoefArray
                0x08002f48       0xcc Src\IEC601601_1_8.o
                0x08002f48                IEC60601_InitToneCoefArray
 .text.IEC60601_GenerateMultiTone
                0x08003014       0xbc Src\IEC601601_1_8.o
                0x08003014                IEC60601_GenerateMultiTone
 .text.IEC60601_TimerInteruptHandler
                0x080030d0       0x88 Src\IEC601601_1_8.o
                0x080030d0                IEC60601_TimerInteruptHandler
 .text.LUT_Prepare
                0x08003158       0x48 Src\main.o
                0x08003158                LUT_Prepare
 .text.IEC60601_init2
                0x080031a0        0xc Src\main.o
                0x080031a0                IEC60601_init2
 .text.SystemClock_Config
                0x080031ac       0x80 Src\main.o
                0x080031ac                SystemClock_Config
 .text.main     0x0800322c      0x294 Src\main.o
                0x0800322c                main
 .text.HAL_MspInit
                0x080034c0       0x90 Src\stm32f3xx_hal_msp.o
                0x080034c0                HAL_MspInit
 .text.HAL_OPAMP_MspInit
                0x08003550       0x30 Src\stm32f3xx_hal_msp.o
                0x08003550                HAL_OPAMP_MspInit
 .text.HAL_TIM_Base_MspInit
                0x08003580       0x2c Src\stm32f3xx_hal_msp.o
                0x08003580                HAL_TIM_Base_MspInit
 .text.HAL_TIM_MspPostInit
                0x080035ac       0x34 Src\stm32f3xx_hal_msp.o
                0x080035ac                HAL_TIM_MspPostInit
 .text.HAL_UART_MspInit
                0x080035e0       0x50 Src\stm32f3xx_hal_msp.o
                0x080035e0                HAL_UART_MspInit
 .text.NMI_Handler
                0x08003630        0x2 Src\stm32f3xx_it.o
                0x08003630                NMI_Handler
 .text.HardFault_Handler
                0x08003632        0x2 Src\stm32f3xx_it.o
                0x08003632                HardFault_Handler
 .text.MemManage_Handler
                0x08003634        0x2 Src\stm32f3xx_it.o
                0x08003634                MemManage_Handler
 .text.BusFault_Handler
                0x08003636        0x2 Src\stm32f3xx_it.o
                0x08003636                BusFault_Handler
 .text.UsageFault_Handler
                0x08003638        0x2 Src\stm32f3xx_it.o
                0x08003638                UsageFault_Handler
 .text.SVC_Handler
                0x0800363a        0x2 Src\stm32f3xx_it.o
                0x0800363a                SVC_Handler
 .text.DebugMon_Handler
                0x0800363c        0x2 Src\stm32f3xx_it.o
                0x0800363c                DebugMon_Handler
 .text.PendSV_Handler
                0x0800363e        0x2 Src\stm32f3xx_it.o
                0x0800363e                PendSV_Handler
 .text.SysTick_Handler
                0x08003640        0xc Src\stm32f3xx_it.o
                0x08003640                SysTick_Handler
 .text.DMA1_Channel3_IRQHandler
                0x0800364c       0x10 Src\stm32f3xx_it.o
                0x0800364c                DMA1_Channel3_IRQHandler
 .text.TIM1_BRK_TIM15_IRQHandler
                0x0800365c       0x14 Src\stm32f3xx_it.o
                0x0800365c                TIM1_BRK_TIM15_IRQHandler
 .text.USART2_IRQHandler
                0x08003670       0x10 Src\stm32f3xx_it.o
                0x08003670                USART2_IRQHandler
 .text.TIM6_DAC1_IRQHandler
                0x08003680       0x10 Src\stm32f3xx_it.o
                0x08003680                TIM6_DAC1_IRQHandler
 .text.SystemInit
                0x08003690       0x68 Src\system_stm32f3xx.o
                0x08003690                SystemInit
 .text.Reset_Handler
                0x080036f8       0x50 startup\startup_stm32f303x8.o
                0x080036f8                Reset_Handler
 .text.Default_Handler
                0x08003748        0x2 startup\startup_stm32f303x8.o
                0x08003748                RTC_Alarm_IRQHandler
                0x08003748                TIM1_CC_IRQHandler
                0x08003748                PVD_IRQHandler
                0x08003748                TAMP_STAMP_IRQHandler
                0x08003748                EXTI3_IRQHandler
                0x08003748                EXTI0_IRQHandler
                0x08003748                FPU_IRQHandler
                0x08003748                CAN_TX_IRQHandler
                0x08003748                TIM1_UP_TIM16_IRQHandler
                0x08003748                ADC1_2_IRQHandler
                0x08003748                SPI1_IRQHandler
                0x08003748                CAN_SCE_IRQHandler
                0x08003748                DMA1_Channel4_IRQHandler
                0x08003748                USART3_IRQHandler
                0x08003748                DMA1_Channel7_IRQHandler
                0x08003748                TIM7_DAC2_IRQHandler
                0x08003748                CAN_RX1_IRQHandler
                0x08003748                I2C1_EV_IRQHandler
                0x08003748                DMA1_Channel6_IRQHandler
                0x08003748                TIM3_IRQHandler
                0x08003748                RCC_IRQHandler
                0x08003748                DMA1_Channel1_IRQHandler
                0x08003748                Default_Handler
                0x08003748                EXTI15_10_IRQHandler
                0x08003748                COMP2_IRQHandler
                0x08003748                EXTI9_5_IRQHandler
                0x08003748                RTC_WKUP_IRQHandler
                0x08003748                DMA1_Channel5_IRQHandler
                0x08003748                EXTI4_IRQHandler
                0x08003748                TIM1_TRG_COM_TIM17_IRQHandler
                0x08003748                WWDG_IRQHandler
                0x08003748                TIM2_IRQHandler
                0x08003748                EXTI1_IRQHandler
                0x08003748                COMP4_6_IRQHandler
                0x08003748                DMA1_Channel2_IRQHandler
                0x08003748                FLASH_IRQHandler
                0x08003748                USART1_IRQHandler
                0x08003748                CAN_RX0_IRQHandler
                0x08003748                I2C1_ER_IRQHandler
                0x08003748                EXTI2_TSC_IRQHandler
 *fill*         0x0800374a        0x2 
 .text.__libc_init_array
                0x0800374c       0x48 e:/atolic/truestudio for stm32 9.1.0/armtools/bin/../lib/gcc/arm-atollic-eabi/6.3.1/../../../../arm-atollic-eabi/lib/armv7e-m/fpu\libc_nano.a(lib_a-init.o)
                0x0800374c                __libc_init_array
 *fill*         0x08003794        0x4 
 .text.cos      0x08003798       0x88 e:/atolic/truestudio for stm32 9.1.0/armtools/bin/../lib/gcc/arm-atollic-eabi/6.3.1/../../../../arm-atollic-eabi/lib/armv7e-m/fpu\libm.a(lib_a-s_cos.o)
                0x08003798                cos
 .text.sin      0x08003820       0x90 e:/atolic/truestudio for stm32 9.1.0/armtools/bin/../lib/gcc/arm-atollic-eabi/6.3.1/../../../../arm-atollic-eabi/lib/armv7e-m/fpu\libm.a(lib_a-s_sin.o)
                0x08003820                sin
 .text.__ieee754_rem_pio2
                0x080038b0      0x3e4 e:/atolic/truestudio for stm32 9.1.0/armtools/bin/../lib/gcc/arm-atollic-eabi/6.3.1/../../../../arm-atollic-eabi/lib/armv7e-m/fpu\libm.a(lib_a-e_rem_pio2.o)
                0x080038b0                __ieee754_rem_pio2
 *fill*         0x08003c94        0x4 
 .text.__kernel_cos
                0x08003c98      0x1cc e:/atolic/truestudio for stm32 9.1.0/armtools/bin/../lib/gcc/arm-atollic-eabi/6.3.1/../../../../arm-atollic-eabi/lib/armv7e-m/fpu\libm.a(lib_a-k_cos.o)
                0x08003c98                __kernel_cos
 *fill*         0x08003e64        0x4 
 .text.__kernel_rem_pio2
                0x08003e68      0x69c e:/atolic/truestudio for stm32 9.1.0/armtools/bin/../lib/gcc/arm-atollic-eabi/6.3.1/../../../../arm-atollic-eabi/lib/armv7e-m/fpu\libm.a(lib_a-k_rem_pio2.o)
                0x08003e68                __kernel_rem_pio2
 *fill*         0x08004504        0x4 
 .text.__kernel_sin
                0x08004508      0x174 e:/atolic/truestudio for stm32 9.1.0/armtools/bin/../lib/gcc/arm-atollic-eabi/6.3.1/../../../../arm-atollic-eabi/lib/armv7e-m/fpu\libm.a(lib_a-k_sin.o)
                0x08004508                __kernel_sin
 .text.fabs     0x0800467c        0xe e:/atolic/truestudio for stm32 9.1.0/armtools/bin/../lib/gcc/arm-atollic-eabi/6.3.1/../../../../arm-atollic-eabi/lib/armv7e-m/fpu\libm.a(lib_a-s_fabs.o)
                0x0800467c                fabs
 *fill*         0x0800468a        0x6 
 .text.floor    0x08004690      0x108 e:/atolic/truestudio for stm32 9.1.0/armtools/bin/../lib/gcc/arm-atollic-eabi/6.3.1/../../../../arm-atollic-eabi/lib/armv7e-m/fpu\libm.a(lib_a-s_floor.o)
                0x08004690                floor
 .text.scalbn   0x08004798       0xf4 e:/atolic/truestudio for stm32 9.1.0/armtools/bin/../lib/gcc/arm-atollic-eabi/6.3.1/../../../../arm-atollic-eabi/lib/armv7e-m/fpu\libm.a(lib_a-s_scalbn.o)
                0x08004798                scalbn
 .text.copysign
                0x0800488c       0x1a e:/atolic/truestudio for stm32 9.1.0/armtools/bin/../lib/gcc/arm-atollic-eabi/6.3.1/../../../../arm-atollic-eabi/lib/armv7e-m/fpu\libm.a(lib_a-s_copysign.o)
                0x0800488c                copysign
 *(.glue_7)
 .glue_7        0x080048a6        0x0 linker stubs
 *(.glue_7t)
 .glue_7t       0x080048a6        0x0 linker stubs
 *(.eh_frame)
 *fill*         0x080048a6        0x2 
 .eh_frame      0x080048a8        0x0 e:/atolic/truestudio for stm32 9.1.0/armtools/bin/../lib/gcc/arm-atollic-eabi/6.3.1/armv7e-m/fpu/crtbegin.o
 *(.init)
 .init          0x080048a8        0x4 e:/atolic/truestudio for stm32 9.1.0/armtools/bin/../lib/gcc/arm-atollic-eabi/6.3.1/armv7e-m/fpu/crti.o
                0x080048a8                _init
 .init          0x080048ac        0x8 e:/atolic/truestudio for stm32 9.1.0/armtools/bin/../lib/gcc/arm-atollic-eabi/6.3.1/armv7e-m/fpu/crtn.o
 *(.fini)
 .fini          0x080048b4        0x4 e:/atolic/truestudio for stm32 9.1.0/armtools/bin/../lib/gcc/arm-atollic-eabi/6.3.1/armv7e-m/fpu/crti.o
                0x080048b4                _fini
 .fini          0x080048b8        0x8 e:/atolic/truestudio for stm32 9.1.0/armtools/bin/../lib/gcc/arm-atollic-eabi/6.3.1/armv7e-m/fpu/crtn.o
                0x080048c0                . = ALIGN (0x4)
                0x080048c0                _etext = .

.vfp11_veneer   0x080048c0        0x0
 .vfp11_veneer  0x080048c0        0x0 linker stubs

.v4_bx          0x080048c0        0x0
 .v4_bx         0x080048c0        0x0 linker stubs

.iplt           0x080048c0        0x0
 .iplt          0x080048c0        0x0 e:/atolic/truestudio for stm32 9.1.0/armtools/bin/../lib/gcc/arm-atollic-eabi/6.3.1/armv7e-m/fpu/crtbegin.o

.rodata         0x080048c0      0x3a8
                0x080048c0                . = ALIGN (0x4)
 *(.rodata)
 *(.rodata*)
 .rodata.aPLLMULFactorTable
                0x080048c0       0x10 Drivers\STM32F3xx_HAL_Driver\Src\stm32f3xx_hal_rcc.o
                0x080048c0                aPLLMULFactorTable
 .rodata.aPredivFactorTable
                0x080048d0       0x10 Drivers\STM32F3xx_HAL_Driver\Src\stm32f3xx_hal_rcc.o
                0x080048d0                aPredivFactorTable
 .rodata._FreqArray
                0x080048e0      0x168 Src\IEC601601_1_8.o
                0x080048e0                _FreqArray
 .rodata._TuneSequence
                0x08004a48       0x2d Src\IEC601601_1_8.o
                0x08004a48                _TuneSequence
 *fill*         0x08004a75        0x3 
 .rodata.AHBPrescTable
                0x08004a78       0x10 Src\system_stm32f3xx.o
                0x08004a78                AHBPrescTable
 .rodata.APBPrescTable
                0x08004a88        0x8 Src\system_stm32f3xx.o
                0x08004a88                APBPrescTable
 .rodata.npio2_hw
                0x08004a90       0x80 e:/atolic/truestudio for stm32 9.1.0/armtools/bin/../lib/gcc/arm-atollic-eabi/6.3.1/../../../../arm-atollic-eabi/lib/armv7e-m/fpu\libm.a(lib_a-e_rem_pio2.o)
 .rodata.two_over_pi
                0x08004b10      0x108 e:/atolic/truestudio for stm32 9.1.0/armtools/bin/../lib/gcc/arm-atollic-eabi/6.3.1/../../../../arm-atollic-eabi/lib/armv7e-m/fpu\libm.a(lib_a-e_rem_pio2.o)
 .rodata.PIo2   0x08004c18       0x40 e:/atolic/truestudio for stm32 9.1.0/armtools/bin/../lib/gcc/arm-atollic-eabi/6.3.1/../../../../arm-atollic-eabi/lib/armv7e-m/fpu\libm.a(lib_a-k_rem_pio2.o)
 .rodata.init_jk
                0x08004c58       0x10 e:/atolic/truestudio for stm32 9.1.0/armtools/bin/../lib/gcc/arm-atollic-eabi/6.3.1/../../../../arm-atollic-eabi/lib/armv7e-m/fpu\libm.a(lib_a-k_rem_pio2.o)
                0x08004c68                . = ALIGN (0x4)

.rel.dyn        0x08004c68        0x0
 .rel.iplt      0x08004c68        0x0 e:/atolic/truestudio for stm32 9.1.0/armtools/bin/../lib/gcc/arm-atollic-eabi/6.3.1/armv7e-m/fpu/crtbegin.o

.ARM.extab
 *(.ARM.extab* .gnu.linkonce.armextab.*)

.ARM            0x08004c68        0x0
                0x08004c68                __exidx_start = .
 *(.ARM.exidx*)
                0x08004c68                __exidx_end = .

.preinit_array  0x08004c68        0x0
                0x08004c68                PROVIDE (__preinit_array_start, .)
 *(.preinit_array*)
                0x08004c68                PROVIDE (__preinit_array_end, .)

.init_array     0x08004c68        0x4
                0x08004c68                PROVIDE (__init_array_start, .)
 *(SORT(.init_array.*))
 *(.init_array*)
 .init_array    0x08004c68        0x4 e:/atolic/truestudio for stm32 9.1.0/armtools/bin/../lib/gcc/arm-atollic-eabi/6.3.1/armv7e-m/fpu/crtbegin.o
                0x08004c6c                PROVIDE (__init_array_end, .)

.fini_array     0x08004c6c        0x4
                [!provide]                PROVIDE (__fini_array_start, .)
 *(SORT(.fini_array.*))
 *(.fini_array*)
 .fini_array    0x08004c6c        0x4 e:/atolic/truestudio for stm32 9.1.0/armtools/bin/../lib/gcc/arm-atollic-eabi/6.3.1/armv7e-m/fpu/crtbegin.o
                [!provide]                PROVIDE (__fini_array_end, .)
                0x08004c70                _sidata = LOADADDR (.data)

.data           0x20000000       0x14 load address 0x08004c70
                0x20000000                . = ALIGN (0x4)
                0x20000000                _sdata = .
 *(.data)
 *(.data*)
 .data.uwTickFreq
                0x20000000        0x1 Drivers\STM32F3xx_HAL_Driver\Src\stm32f3xx_hal.o
                0x20000000                uwTickFreq
 *fill*         0x20000001        0x3 
 .data.uwTickPrio
                0x20000004        0x4 Drivers\STM32F3xx_HAL_Driver\Src\stm32f3xx_hal.o
                0x20000004                uwTickPrio
 .data._ToneWeights
                0x20000008        0x5 Src\IEC601601_1_8.o
                0x20000008                _ToneWeights
 *fill*         0x2000000d        0x3 
 .data.SystemCoreClock
                0x20000010        0x4 Src\system_stm32f3xx.o
                0x20000010                SystemCoreClock
                0x20000014                . = ALIGN (0x4)
                0x20000014                _edata = .
                0x08004c84                _siccmram = LOADADDR (.ccmram)

.igot.plt       0x20000014        0x0 load address 0x08004c84
 .igot.plt      0x20000014        0x0 e:/atolic/truestudio for stm32 9.1.0/armtools/bin/../lib/gcc/arm-atollic-eabi/6.3.1/armv7e-m/fpu/crtbegin.o

.ccmram         0x10000000        0x0 load address 0x08004c84
                0x10000000                . = ALIGN (0x4)
                0x10000000                _sccmram = .
 *(.ccmram)
 *(.ccmram*)
                0x10000000                . = ALIGN (0x4)
                0x10000000                _eccmram = .
                0x10000000                . = ALIGN (0x4)

.bss            0x20000014      0x3d0
                0x20000014                _sbss = .
                0x20000014                __bss_start__ = _sbss
 *(.bss)
 .bss           0x20000014       0x1c e:/atolic/truestudio for stm32 9.1.0/armtools/bin/../lib/gcc/arm-atollic-eabi/6.3.1/armv7e-m/fpu/crtbegin.o
 *(.bss*)
 .bss.output_old.9605
                0x20000030        0x4 Src\IEC601601_1_8.o
 .bss.timeval.9612
                0x20000034        0x4 Src\IEC601601_1_8.o
 *(COMMON)
 COMMON         0x20000038        0x4 Drivers\STM32F3xx_HAL_Driver\Src\stm32f3xx_hal.o
                0x20000038                uwTick
 COMMON         0x2000003c      0x244 Src\IEC601601_1_8.o
                0x2000003c                _envelope_on
                0x20000040                _priority
                0x20000044                _Waves
                0x20000260                _alarm_type
                0x20000264                _envelope_off
                0x20000268                _mscount
                0x2000026c                _sequence
                0x20000270                _envelope
                0x20000274                _note_level
                0x20000278                _active_note
                0x2000027c                _note_on
 COMMON         0x20000280      0x164 Src\main.o
                0x20000280                hopamp2
                0x200002b4                hdac1
                0x200002c8                htim15
                0x20000308                hdma_dac1_ch1
                0x2000034c                huart2
                0x200003bc                dac_lut
                0x200003e4                . = ALIGN (0x4)
                0x200003e4                _ebss = .
                0x200003e4                __bss_end__ = _ebss

._user_heap_stack
                0x200003e4      0x600
                0x200003e4                . = ALIGN (0x4)
                [!provide]                PROVIDE (end, .)
                [!provide]                PROVIDE (_end, .)
                0x200005e4                . = (. + _Min_Heap_Size)
 *fill*         0x200003e4      0x200 
                0x200009e4                . = (. + _Min_Stack_Size)
 *fill*         0x200005e4      0x400 
                0x200009e4                . = ALIGN (0x4)

/DISCARD/
 libc.a(*)
 libm.a(*)
 libgcc.a(*)

.ARM.attributes
                0x00000000       0x30
 *(.ARM.attributes)
 .ARM.attributes
                0x00000000       0x22 e:/atolic/truestudio for stm32 9.1.0/armtools/bin/../lib/gcc/arm-atollic-eabi/6.3.1/armv7e-m/fpu/crti.o
 .ARM.attributes
                0x00000022       0x34 e:/atolic/truestudio for stm32 9.1.0/armtools/bin/../lib/gcc/arm-atollic-eabi/6.3.1/armv7e-m/fpu/crtbegin.o
 .ARM.attributes
                0x00000056       0x39 Drivers\STM32F3xx_HAL_Driver\Src\stm32f3xx_hal.o
 .ARM.attributes
                0x0000008f       0x39 Drivers\STM32F3xx_HAL_Driver\Src\stm32f3xx_hal_cortex.o
 .ARM.attributes
                0x000000c8       0x39 Drivers\STM32F3xx_HAL_Driver\Src\stm32f3xx_hal_dac.o
 .ARM.attributes
                0x00000101       0x39 Drivers\STM32F3xx_HAL_Driver\Src\stm32f3xx_hal_dac_ex.o
 .ARM.attributes
                0x0000013a       0x39 Drivers\STM32F3xx_HAL_Driver\Src\stm32f3xx_hal_dma.o
 .ARM.attributes
                0x00000173       0x39 Drivers\STM32F3xx_HAL_Driver\Src\stm32f3xx_hal_gpio.o
 .ARM.attributes
                0x000001ac       0x39 Drivers\STM32F3xx_HAL_Driver\Src\stm32f3xx_hal_opamp.o
 .ARM.attributes
                0x000001e5       0x39 Drivers\STM32F3xx_HAL_Driver\Src\stm32f3xx_hal_rcc.o
 .ARM.attributes
                0x0000021e       0x39 Drivers\STM32F3xx_HAL_Driver\Src\stm32f3xx_hal_tim.o
 .ARM.attributes
                0x00000257       0x39 Drivers\STM32F3xx_HAL_Driver\Src\stm32f3xx_hal_tim_ex.o
 .ARM.attributes
                0x00000290       0x39 Drivers\STM32F3xx_HAL_Driver\Src\stm32f3xx_hal_uart.o
 .ARM.attributes
                0x000002c9       0x39 Drivers\STM32F3xx_HAL_Driver\Src\stm32f3xx_hal_uart_ex.o
 .ARM.attributes
                0x00000302       0x39 Src\IEC601601_1_8.o
 .ARM.attributes
                0x0000033b       0x39 Src\main.o
 .ARM.attributes
                0x00000374       0x39 Src\stm32f3xx_hal_msp.o
 .ARM.attributes
                0x000003ad       0x39 Src\stm32f3xx_it.o
 .ARM.attributes
                0x000003e6       0x39 Src\system_stm32f3xx.o
 .ARM.attributes
                0x0000041f       0x21 startup\startup_stm32f303x8.o
 .ARM.attributes
                0x00000440       0x34 e:/atolic/truestudio for stm32 9.1.0/armtools/bin/../lib/gcc/arm-atollic-eabi/6.3.1/../../../../arm-atollic-eabi/lib/armv7e-m/fpu\libc_nano.a(lib_a-init.o)
 .ARM.attributes
                0x00000474       0x34 e:/atolic/truestudio for stm32 9.1.0/armtools/bin/../lib/gcc/arm-atollic-eabi/6.3.1/../../../../arm-atollic-eabi/lib/armv7e-m/fpu\libm.a(lib_a-s_cos.o)
 .ARM.attributes
                0x000004a8       0x34 e:/atolic/truestudio for stm32 9.1.0/armtools/bin/../lib/gcc/arm-atollic-eabi/6.3.1/../../../../arm-atollic-eabi/lib/armv7e-m/fpu\libm.a(lib_a-s_sin.o)
 .ARM.attributes
                0x000004dc       0x34 e:/atolic/truestudio for stm32 9.1.0/armtools/bin/../lib/gcc/arm-atollic-eabi/6.3.1/../../../../arm-atollic-eabi/lib/armv7e-m/fpu\libm.a(lib_a-e_rem_pio2.o)
 .ARM.attributes
                0x00000510       0x34 e:/atolic/truestudio for stm32 9.1.0/armtools/bin/../lib/gcc/arm-atollic-eabi/6.3.1/../../../../arm-atollic-eabi/lib/armv7e-m/fpu\libm.a(lib_a-k_cos.o)
 .ARM.attributes
                0x00000544       0x34 e:/atolic/truestudio for stm32 9.1.0/armtools/bin/../lib/gcc/arm-atollic-eabi/6.3.1/../../../../arm-atollic-eabi/lib/armv7e-m/fpu\libm.a(lib_a-k_rem_pio2.o)
 .ARM.attributes
                0x00000578       0x34 e:/atolic/truestudio for stm32 9.1.0/armtools/bin/../lib/gcc/arm-atollic-eabi/6.3.1/../../../../arm-atollic-eabi/lib/armv7e-m/fpu\libm.a(lib_a-k_sin.o)
 .ARM.attributes
                0x000005ac       0x34 e:/atolic/truestudio for stm32 9.1.0/armtools/bin/../lib/gcc/arm-atollic-eabi/6.3.1/../../../../arm-atollic-eabi/lib/armv7e-m/fpu\libm.a(lib_a-s_fabs.o)
 .ARM.attributes
                0x000005e0       0x34 e:/atolic/truestudio for stm32 9.1.0/armtools/bin/../lib/gcc/arm-atollic-eabi/6.3.1/../../../../arm-atollic-eabi/lib/armv7e-m/fpu\libm.a(lib_a-s_floor.o)
 .ARM.attributes
                0x00000614       0x34 e:/atolic/truestudio for stm32 9.1.0/armtools/bin/../lib/gcc/arm-atollic-eabi/6.3.1/../../../../arm-atollic-eabi/lib/armv7e-m/fpu\libm.a(lib_a-s_scalbn.o)
 .ARM.attributes
                0x00000648       0x34 e:/atolic/truestudio for stm32 9.1.0/armtools/bin/../lib/gcc/arm-atollic-eabi/6.3.1/../../../../arm-atollic-eabi/lib/armv7e-m/fpu\libm.a(lib_a-s_copysign.o)
 .ARM.attributes
                0x0000067c       0x22 e:/atolic/truestudio for stm32 9.1.0/armtools/bin/../lib/gcc/arm-atollic-eabi/6.3.1/armv7e-m/fpu\libgcc.a(_arm_addsubdf3.o)
 .ARM.attributes
                0x0000069e       0x22 e:/atolic/truestudio for stm32 9.1.0/armtools/bin/../lib/gcc/arm-atollic-eabi/6.3.1/armv7e-m/fpu\libgcc.a(_arm_muldivdf3.o)
 .ARM.attributes
                0x000006c0       0x22 e:/atolic/truestudio for stm32 9.1.0/armtools/bin/../lib/gcc/arm-atollic-eabi/6.3.1/armv7e-m/fpu\libgcc.a(_arm_cmpdf2.o)
 .ARM.attributes
                0x000006e2       0x22 e:/atolic/truestudio for stm32 9.1.0/armtools/bin/../lib/gcc/arm-atollic-eabi/6.3.1/armv7e-m/fpu\libgcc.a(_arm_fixdfsi.o)
 .ARM.attributes
                0x00000704       0x22 e:/atolic/truestudio for stm32 9.1.0/armtools/bin/../lib/gcc/arm-atollic-eabi/6.3.1/armv7e-m/fpu\libgcc.a(_arm_truncdfsf2.o)
 .ARM.attributes
                0x00000726       0x22 e:/atolic/truestudio for stm32 9.1.0/armtools/bin/../lib/gcc/arm-atollic-eabi/6.3.1/armv7e-m/fpu/crtn.o
OUTPUT(alarm.elf elf32-littlearm)

.debug_info     0x00000000    0x19661
 .debug_info    0x00000000     0x1006 Drivers\STM32F3xx_HAL_Driver\Src\stm32f3xx_hal.o
 .debug_info    0x00001006     0x14ca Drivers\STM32F3xx_HAL_Driver\Src\stm32f3xx_hal_cortex.o
 .debug_info    0x000024d0     0x114a Drivers\STM32F3xx_HAL_Driver\Src\stm32f3xx_hal_dac.o
 .debug_info    0x0000361a     0x1348 Drivers\STM32F3xx_HAL_Driver\Src\stm32f3xx_hal_dac_ex.o
 .debug_info    0x00004962     0x10c7 Drivers\STM32F3xx_HAL_Driver\Src\stm32f3xx_hal_dma.o
 .debug_info    0x00005a29      0xfee Drivers\STM32F3xx_HAL_Driver\Src\stm32f3xx_hal_gpio.o
 .debug_info    0x00006a17      0xf21 Drivers\STM32F3xx_HAL_Driver\Src\stm32f3xx_hal_opamp.o
 .debug_info    0x00007938     0x1c2f Drivers\STM32F3xx_HAL_Driver\Src\stm32f3xx_hal_rcc.o
 .debug_info    0x00009567     0x3aee Drivers\STM32F3xx_HAL_Driver\Src\stm32f3xx_hal_tim.o
 .debug_info    0x0000d055     0x1ec1 Drivers\STM32F3xx_HAL_Driver\Src\stm32f3xx_hal_tim_ex.o
 .debug_info    0x0000ef16     0x2214 Drivers\STM32F3xx_HAL_Driver\Src\stm32f3xx_hal_uart.o
 .debug_info    0x0001112a     0x1186 Drivers\STM32F3xx_HAL_Driver\Src\stm32f3xx_hal_uart_ex.o
 .debug_info    0x000122b0     0x1354 Src\IEC601601_1_8.o
 .debug_info    0x00013604     0x2260 Src\main.o
 .debug_info    0x00015864     0x1cc0 Src\stm32f3xx_hal_msp.o
 .debug_info    0x00017524     0x146d Src\stm32f3xx_it.o
 .debug_info    0x00018991      0xc74 Src\system_stm32f3xx.o
 .debug_info    0x00019605       0x5c startup\startup_stm32f303x8.o

.debug_abbrev   0x00000000     0x2d66
 .debug_abbrev  0x00000000      0x2a4 Drivers\STM32F3xx_HAL_Driver\Src\stm32f3xx_hal.o
 .debug_abbrev  0x000002a4      0x35e Drivers\STM32F3xx_HAL_Driver\Src\stm32f3xx_hal_cortex.o
 .debug_abbrev  0x00000602      0x21b Drivers\STM32F3xx_HAL_Driver\Src\stm32f3xx_hal_dac.o
 .debug_abbrev  0x0000081d      0x2c5 Drivers\STM32F3xx_HAL_Driver\Src\stm32f3xx_hal_dac_ex.o
 .debug_abbrev  0x00000ae2      0x2bb Drivers\STM32F3xx_HAL_Driver\Src\stm32f3xx_hal_dma.o
 .debug_abbrev  0x00000d9d      0x268 Drivers\STM32F3xx_HAL_Driver\Src\stm32f3xx_hal_gpio.o
 .debug_abbrev  0x00001005      0x27a Drivers\STM32F3xx_HAL_Driver\Src\stm32f3xx_hal_opamp.o
 .debug_abbrev  0x0000127f      0x349 Drivers\STM32F3xx_HAL_Driver\Src\stm32f3xx_hal_rcc.o
 .debug_abbrev  0x000015c8      0x2f8 Drivers\STM32F3xx_HAL_Driver\Src\stm32f3xx_hal_tim.o
 .debug_abbrev  0x000018c0      0x2a1 Drivers\STM32F3xx_HAL_Driver\Src\stm32f3xx_hal_tim_ex.o
 .debug_abbrev  0x00001b61      0x2e6 Drivers\STM32F3xx_HAL_Driver\Src\stm32f3xx_hal_uart.o
 .debug_abbrev  0x00001e47      0x26b Drivers\STM32F3xx_HAL_Driver\Src\stm32f3xx_hal_uart_ex.o
 .debug_abbrev  0x000020b2      0x30b Src\IEC601601_1_8.o
 .debug_abbrev  0x000023bd      0x341 Src\main.o
 .debug_abbrev  0x000026fe      0x281 Src\stm32f3xx_hal_msp.o
 .debug_abbrev  0x0000297f      0x1f3 Src\stm32f3xx_it.o
 .debug_abbrev  0x00002b72      0x1e2 Src\system_stm32f3xx.o
 .debug_abbrev  0x00002d54       0x12 startup\startup_stm32f303x8.o

.debug_loc      0x00000000     0x9bb9
 .debug_loc     0x00000000      0x108 Drivers\STM32F3xx_HAL_Driver\Src\stm32f3xx_hal.o
 .debug_loc     0x00000108      0x512 Drivers\STM32F3xx_HAL_Driver\Src\stm32f3xx_hal_cortex.o
 .debug_loc     0x0000061a      0x25c Drivers\STM32F3xx_HAL_Driver\Src\stm32f3xx_hal_dac.o
 .debug_loc     0x00000876      0x7a3 Drivers\STM32F3xx_HAL_Driver\Src\stm32f3xx_hal_dac_ex.o
 .debug_loc     0x00001019      0x885 Drivers\STM32F3xx_HAL_Driver\Src\stm32f3xx_hal_dma.o
 .debug_loc     0x0000189e      0x3c1 Drivers\STM32F3xx_HAL_Driver\Src\stm32f3xx_hal_gpio.o
 .debug_loc     0x00001c5f      0x673 Drivers\STM32F3xx_HAL_Driver\Src\stm32f3xx_hal_opamp.o
 .debug_loc     0x000022d2      0x9b9 Drivers\STM32F3xx_HAL_Driver\Src\stm32f3xx_hal_rcc.o
 .debug_loc     0x00002c8b     0x3a81 Drivers\STM32F3xx_HAL_Driver\Src\stm32f3xx_hal_tim.o
 .debug_loc     0x0000670c     0x16af Drivers\STM32F3xx_HAL_Driver\Src\stm32f3xx_hal_tim_ex.o
 .debug_loc     0x00007dbb     0x15c5 Drivers\STM32F3xx_HAL_Driver\Src\stm32f3xx_hal_uart.o
 .debug_loc     0x00009380      0x36d Drivers\STM32F3xx_HAL_Driver\Src\stm32f3xx_hal_uart_ex.o
 .debug_loc     0x000096ed      0x22d Src\IEC601601_1_8.o
 .debug_loc     0x0000991a       0x14 Src\main.o
 .debug_loc     0x0000992e      0x15b Src\stm32f3xx_hal_msp.o
 .debug_loc     0x00009a89      0x130 Src\system_stm32f3xx.o

.debug_aranges  0x00000000      0xd90
 .debug_aranges
                0x00000000       0xe0 Drivers\STM32F3xx_HAL_Driver\Src\stm32f3xx_hal.o
 .debug_aranges
                0x000000e0       0x90 Drivers\STM32F3xx_HAL_Driver\Src\stm32f3xx_hal_cortex.o
 .debug_aranges
                0x00000170       0xa8 Drivers\STM32F3xx_HAL_Driver\Src\stm32f3xx_hal_dac.o
 .debug_aranges
                0x00000218       0xb8 Drivers\STM32F3xx_HAL_Driver\Src\stm32f3xx_hal_dac_ex.o
 .debug_aranges
                0x000002d0       0x78 Drivers\STM32F3xx_HAL_Driver\Src\stm32f3xx_hal_dma.o
 .debug_aranges
                0x00000348       0x58 Drivers\STM32F3xx_HAL_Driver\Src\stm32f3xx_hal_gpio.o
 .debug_aranges
                0x000003a0       0x68 Drivers\STM32F3xx_HAL_Driver\Src\stm32f3xx_hal_opamp.o
 .debug_aranges
                0x00000408       0x88 Drivers\STM32F3xx_HAL_Driver\Src\stm32f3xx_hal_rcc.o
 .debug_aranges
                0x00000490      0x348 Drivers\STM32F3xx_HAL_Driver\Src\stm32f3xx_hal_tim.o
 .debug_aranges
                0x000007d8      0x178 Drivers\STM32F3xx_HAL_Driver\Src\stm32f3xx_hal_tim_ex.o
 .debug_aranges
                0x00000950      0x1e8 Drivers\STM32F3xx_HAL_Driver\Src\stm32f3xx_hal_uart.o
 .debug_aranges
                0x00000b38       0x48 Drivers\STM32F3xx_HAL_Driver\Src\stm32f3xx_hal_uart_ex.o
 .debug_aranges
                0x00000b80       0x98 Src\IEC601601_1_8.o
 .debug_aranges
                0x00000c18       0x40 Src\main.o
 .debug_aranges
                0x00000c58       0x68 Src\stm32f3xx_hal_msp.o
 .debug_aranges
                0x00000cc0       0x80 Src\stm32f3xx_it.o
 .debug_aranges
                0x00000d40       0x28 Src\system_stm32f3xx.o
 .debug_aranges
                0x00000d68       0x28 startup\startup_stm32f303x8.o

.debug_ranges   0x00000000      0xe18
 .debug_ranges  0x00000000       0xd0 Drivers\STM32F3xx_HAL_Driver\Src\stm32f3xx_hal.o
 .debug_ranges  0x000000d0       0xb0 Drivers\STM32F3xx_HAL_Driver\Src\stm32f3xx_hal_cortex.o
 .debug_ranges  0x00000180       0x98 Drivers\STM32F3xx_HAL_Driver\Src\stm32f3xx_hal_dac.o
 .debug_ranges  0x00000218       0xa8 Drivers\STM32F3xx_HAL_Driver\Src\stm32f3xx_hal_dac_ex.o
 .debug_ranges  0x000002c0       0x98 Drivers\STM32F3xx_HAL_Driver\Src\stm32f3xx_hal_dma.o
 .debug_ranges  0x00000358       0x60 Drivers\STM32F3xx_HAL_Driver\Src\stm32f3xx_hal_gpio.o
 .debug_ranges  0x000003b8       0x58 Drivers\STM32F3xx_HAL_Driver\Src\stm32f3xx_hal_opamp.o
 .debug_ranges  0x00000410      0x1a0 Drivers\STM32F3xx_HAL_Driver\Src\stm32f3xx_hal_rcc.o
 .debug_ranges  0x000005b0      0x338 Drivers\STM32F3xx_HAL_Driver\Src\stm32f3xx_hal_tim.o
 .debug_ranges  0x000008e8      0x168 Drivers\STM32F3xx_HAL_Driver\Src\stm32f3xx_hal_tim_ex.o
 .debug_ranges  0x00000a50      0x1d8 Drivers\STM32F3xx_HAL_Driver\Src\stm32f3xx_hal_uart.o
 .debug_ranges  0x00000c28       0x38 Drivers\STM32F3xx_HAL_Driver\Src\stm32f3xx_hal_uart_ex.o
 .debug_ranges  0x00000c60       0x88 Src\IEC601601_1_8.o
 .debug_ranges  0x00000ce8       0x30 Src\main.o
 .debug_ranges  0x00000d18       0x58 Src\stm32f3xx_hal_msp.o
 .debug_ranges  0x00000d70       0x70 Src\stm32f3xx_it.o
 .debug_ranges  0x00000de0       0x18 Src\system_stm32f3xx.o
 .debug_ranges  0x00000df8       0x20 startup\startup_stm32f303x8.o

.debug_line     0x00000000     0x686e
 .debug_line    0x00000000      0x445 Drivers\STM32F3xx_HAL_Driver\Src\stm32f3xx_hal.o
 .debug_line    0x00000445      0x3fb Drivers\STM32F3xx_HAL_Driver\Src\stm32f3xx_hal_cortex.o
 .debug_line    0x00000840      0x3f1 Drivers\STM32F3xx_HAL_Driver\Src\stm32f3xx_hal_dac.o
 .debug_line    0x00000c31      0x517 Drivers\STM32F3xx_HAL_Driver\Src\stm32f3xx_hal_dac_ex.o
 .debug_line    0x00001148      0x4c9 Drivers\STM32F3xx_HAL_Driver\Src\stm32f3xx_hal_dma.o
 .debug_line    0x00001611      0x420 Drivers\STM32F3xx_HAL_Driver\Src\stm32f3xx_hal_gpio.o
 .debug_line    0x00001a31      0x43f Drivers\STM32F3xx_HAL_Driver\Src\stm32f3xx_hal_opamp.o
 .debug_line    0x00001e70      0x7f2 Drivers\STM32F3xx_HAL_Driver\Src\stm32f3xx_hal_rcc.o
 .debug_line    0x00002662     0x1423 Drivers\STM32F3xx_HAL_Driver\Src\stm32f3xx_hal_tim.o
 .debug_line    0x00003a85      0x9c7 Drivers\STM32F3xx_HAL_Driver\Src\stm32f3xx_hal_tim_ex.o
 .debug_line    0x0000444c      0xcf6 Drivers\STM32F3xx_HAL_Driver\Src\stm32f3xx_hal_uart.o
 .debug_line    0x00005142      0x3a7 Drivers\STM32F3xx_HAL_Driver\Src\stm32f3xx_hal_uart_ex.o
 .debug_line    0x000054e9      0x4e9 Src\IEC601601_1_8.o
 .debug_line    0x000059d2      0x420 Src\main.o
 .debug_line    0x00005df2      0x3e8 Src\stm32f3xx_hal_msp.o
 .debug_line    0x000061da      0x3a6 Src\stm32f3xx_it.o
 .debug_line    0x00006580      0x26f Src\system_stm32f3xx.o
 .debug_line    0x000067ef       0x7f startup\startup_stm32f303x8.o

.debug_str      0x00000000     0x4482
 .debug_str     0x00000000      0xc1b Drivers\STM32F3xx_HAL_Driver\Src\stm32f3xx_hal.o
                                0xcc2 (size before relaxing)
 .debug_str     0x00000c1b      0x2d8 Drivers\STM32F3xx_HAL_Driver\Src\stm32f3xx_hal_cortex.o
                                0xdb3 (size before relaxing)
 .debug_str     0x00000ef3      0x4a6 Drivers\STM32F3xx_HAL_Driver\Src\stm32f3xx_hal_dac.o
                                0xbdc (size before relaxing)
 .debug_str     0x00001399      0x1c8 Drivers\STM32F3xx_HAL_Driver\Src\stm32f3xx_hal_dac_ex.o
                                0xce5 (size before relaxing)
 .debug_str     0x00001561      0x229 Drivers\STM32F3xx_HAL_Driver\Src\stm32f3xx_hal_dma.o
                                0xb20 (size before relaxing)
 .debug_str     0x0000178a      0x23b Drivers\STM32F3xx_HAL_Driver\Src\stm32f3xx_hal_gpio.o
                                0x9ab (size before relaxing)
 .debug_str     0x000019c5      0x2ad Drivers\STM32F3xx_HAL_Driver\Src\stm32f3xx_hal_opamp.o
                                0xa72 (size before relaxing)
 .debug_str     0x00001c72      0x315 Drivers\STM32F3xx_HAL_Driver\Src\stm32f3xx_hal_rcc.o
                                0xb18 (size before relaxing)
 .debug_str     0x00001f87      0xf6f Drivers\STM32F3xx_HAL_Driver\Src\stm32f3xx_hal_tim.o
                               0x18b5 (size before relaxing)
 .debug_str     0x00002ef6      0x59b Drivers\STM32F3xx_HAL_Driver\Src\stm32f3xx_hal_tim_ex.o
                               0x12e8 (size before relaxing)
 .debug_str     0x00003491      0x926 Drivers\STM32F3xx_HAL_Driver\Src\stm32f3xx_hal_uart.o
                               0x1318 (size before relaxing)
 .debug_str     0x00003db7       0xed Drivers\STM32F3xx_HAL_Driver\Src\stm32f3xx_hal_uart_ex.o
                                0xd31 (size before relaxing)
 .debug_str     0x00003ea4      0x362 Src\IEC601601_1_8.o
                                0xd24 (size before relaxing)
 .debug_str     0x00004206       0xfd Src\main.o
                               0x1a07 (size before relaxing)
 .debug_str     0x00004303       0x25 Src\stm32f3xx_hal_msp.o
                               0x156a (size before relaxing)
 .debug_str     0x00004328      0x100 Src\stm32f3xx_it.o
                                0xfb4 (size before relaxing)
 .debug_str     0x00004428       0x5a Src\system_stm32f3xx.o
                                0x795 (size before relaxing)

.comment        0x00000000       0x7c
 .comment       0x00000000       0x7c Drivers\STM32F3xx_HAL_Driver\Src\stm32f3xx_hal.o
                                 0x7d (size before relaxing)
 .comment       0x0000007c       0x7d Drivers\STM32F3xx_HAL_Driver\Src\stm32f3xx_hal_cortex.o
 .comment       0x0000007c       0x7d Drivers\STM32F3xx_HAL_Driver\Src\stm32f3xx_hal_dac.o
 .comment       0x0000007c       0x7d Drivers\STM32F3xx_HAL_Driver\Src\stm32f3xx_hal_dac_ex.o
 .comment       0x0000007c       0x7d Drivers\STM32F3xx_HAL_Driver\Src\stm32f3xx_hal_dma.o
 .comment       0x0000007c       0x7d Drivers\STM32F3xx_HAL_Driver\Src\stm32f3xx_hal_gpio.o
 .comment       0x0000007c       0x7d Drivers\STM32F3xx_HAL_Driver\Src\stm32f3xx_hal_opamp.o
 .comment       0x0000007c       0x7d Drivers\STM32F3xx_HAL_Driver\Src\stm32f3xx_hal_rcc.o
 .comment       0x0000007c       0x7d Drivers\STM32F3xx_HAL_Driver\Src\stm32f3xx_hal_tim.o
 .comment       0x0000007c       0x7d Drivers\STM32F3xx_HAL_Driver\Src\stm32f3xx_hal_tim_ex.o
 .comment       0x0000007c       0x7d Drivers\STM32F3xx_HAL_Driver\Src\stm32f3xx_hal_uart.o
 .comment       0x0000007c       0x7d Drivers\STM32F3xx_HAL_Driver\Src\stm32f3xx_hal_uart_ex.o
 .comment       0x0000007c       0x7d Src\IEC601601_1_8.o
 .comment       0x0000007c       0x7d Src\main.o
 .comment       0x0000007c       0x7d Src\stm32f3xx_hal_msp.o
 .comment       0x0000007c       0x7d Src\stm32f3xx_it.o
 .comment       0x0000007c       0x7d Src\system_stm32f3xx.o

.debug_frame    0x00000000     0x27dc
 .debug_frame   0x00000000      0x1cc Drivers\STM32F3xx_HAL_Driver\Src\stm32f3xx_hal.o
 .debug_frame   0x000001cc      0x12c Drivers\STM32F3xx_HAL_Driver\Src\stm32f3xx_hal_cortex.o
 .debug_frame   0x000002f8      0x15c Drivers\STM32F3xx_HAL_Driver\Src\stm32f3xx_hal_dac.o
 .debug_frame   0x00000454      0x1f4 Drivers\STM32F3xx_HAL_Driver\Src\stm32f3xx_hal_dac_ex.o
 .debug_frame   0x00000648      0x158 Drivers\STM32F3xx_HAL_Driver\Src\stm32f3xx_hal_dma.o
 .debug_frame   0x000007a0       0xe4 Drivers\STM32F3xx_HAL_Driver\Src\stm32f3xx_hal_gpio.o
 .debug_frame   0x00000884      0x130 Drivers\STM32F3xx_HAL_Driver\Src\stm32f3xx_hal_opamp.o
 .debug_frame   0x000009b4      0x178 Drivers\STM32F3xx_HAL_Driver\Src\stm32f3xx_hal_rcc.o
 .debug_frame   0x00000b2c      0x990 Drivers\STM32F3xx_HAL_Driver\Src\stm32f3xx_hal_tim.o
 .debug_frame   0x000014bc      0x45c Drivers\STM32F3xx_HAL_Driver\Src\stm32f3xx_hal_tim_ex.o
 .debug_frame   0x00001918      0x568 Drivers\STM32F3xx_HAL_Driver\Src\stm32f3xx_hal_uart.o
 .debug_frame   0x00001e80       0xb4 Drivers\STM32F3xx_HAL_Driver\Src\stm32f3xx_hal_uart_ex.o
 .debug_frame   0x00001f34      0x184 Src\IEC601601_1_8.o
 .debug_frame   0x000020b8       0x94 Src\main.o
 .debug_frame   0x0000214c      0x11c Src\stm32f3xx_hal_msp.o
 .debug_frame   0x00002268      0x108 Src\stm32f3xx_it.o
 .debug_frame   0x00002370       0x30 Src\system_stm32f3xx.o
 .debug_frame   0x000023a0       0x2c e:/atolic/truestudio for stm32 9.1.0/armtools/bin/../lib/gcc/arm-atollic-eabi/6.3.1/../../../../arm-atollic-eabi/lib/armv7e-m/fpu\libc_nano.a(lib_a-init.o)
 .debug_frame   0x000023cc       0x2c e:/atolic/truestudio for stm32 9.1.0/armtools/bin/../lib/gcc/arm-atollic-eabi/6.3.1/../../../../arm-atollic-eabi/lib/armv7e-m/fpu\libm.a(lib_a-s_cos.o)
 .debug_frame   0x000023f8       0x2c e:/atolic/truestudio for stm32 9.1.0/armtools/bin/../lib/gcc/arm-atollic-eabi/6.3.1/../../../../arm-atollic-eabi/lib/armv7e-m/fpu\libm.a(lib_a-s_sin.o)
 .debug_frame   0x00002424       0x40 e:/atolic/truestudio for stm32 9.1.0/armtools/bin/../lib/gcc/arm-atollic-eabi/6.3.1/../../../../arm-atollic-eabi/lib/armv7e-m/fpu\libm.a(lib_a-e_rem_pio2.o)
 .debug_frame   0x00002464       0x40 e:/atolic/truestudio for stm32 9.1.0/armtools/bin/../lib/gcc/arm-atollic-eabi/6.3.1/../../../../arm-atollic-eabi/lib/armv7e-m/fpu\libm.a(lib_a-k_cos.o)
 .debug_frame   0x000024a4       0x54 e:/atolic/truestudio for stm32 9.1.0/armtools/bin/../lib/gcc/arm-atollic-eabi/6.3.1/../../../../arm-atollic-eabi/lib/armv7e-m/fpu\libm.a(lib_a-k_rem_pio2.o)
 .debug_frame   0x000024f8       0x40 e:/atolic/truestudio for stm32 9.1.0/armtools/bin/../lib/gcc/arm-atollic-eabi/6.3.1/../../../../arm-atollic-eabi/lib/armv7e-m/fpu\libm.a(lib_a-k_sin.o)
 .debug_frame   0x00002538       0x20 e:/atolic/truestudio for stm32 9.1.0/armtools/bin/../lib/gcc/arm-atollic-eabi/6.3.1/../../../../arm-atollic-eabi/lib/armv7e-m/fpu\libm.a(lib_a-s_fabs.o)
 .debug_frame   0x00002558       0x30 e:/atolic/truestudio for stm32 9.1.0/armtools/bin/../lib/gcc/arm-atollic-eabi/6.3.1/../../../../arm-atollic-eabi/lib/armv7e-m/fpu\libm.a(lib_a-s_floor.o)
 .debug_frame   0x00002588       0x2c e:/atolic/truestudio for stm32 9.1.0/armtools/bin/../lib/gcc/arm-atollic-eabi/6.3.1/../../../../arm-atollic-eabi/lib/armv7e-m/fpu\libm.a(lib_a-s_scalbn.o)
 .debug_frame   0x000025b4       0x20 e:/atolic/truestudio for stm32 9.1.0/armtools/bin/../lib/gcc/arm-atollic-eabi/6.3.1/../../../../arm-atollic-eabi/lib/armv7e-m/fpu\libm.a(lib_a-s_copysign.o)
 .debug_frame   0x000025d4       0xac e:/atolic/truestudio for stm32 9.1.0/armtools/bin/../lib/gcc/arm-atollic-eabi/6.3.1/armv7e-m/fpu\libgcc.a(_arm_addsubdf3.o)
 .debug_frame   0x00002680       0x50 e:/atolic/truestudio for stm32 9.1.0/armtools/bin/../lib/gcc/arm-atollic-eabi/6.3.1/armv7e-m/fpu\libgcc.a(_arm_muldivdf3.o)
 .debug_frame   0x000026d0       0xc4 e:/atolic/truestudio for stm32 9.1.0/armtools/bin/../lib/gcc/arm-atollic-eabi/6.3.1/armv7e-m/fpu\libgcc.a(_arm_cmpdf2.o)
 .debug_frame   0x00002794       0x24 e:/atolic/truestudio for stm32 9.1.0/armtools/bin/../lib/gcc/arm-atollic-eabi/6.3.1/armv7e-m/fpu\libgcc.a(_arm_fixdfsi.o)
 .debug_frame   0x000027b8       0x24 e:/atolic/truestudio for stm32 9.1.0/armtools/bin/../lib/gcc/arm-atollic-eabi/6.3.1/armv7e-m/fpu\libgcc.a(_arm_truncdfsf2.o)
